/Users/elian/Documents/MCUXpresso/Workspace/wifi_webconfig/wifi/incl/wm_utils.h:114:28:wm_hex2bin	48	static
/Users/elian/Documents/MCUXpresso/Workspace/wifi_webconfig/wifi/port/osa/osa_freertos.h:118:20:OSA_LockSchedule	8	static
/Users/elian/Documents/MCUXpresso/Workspace/wifi_webconfig/wifi/port/osa/osa_freertos.h:124:20:OSA_UnlockSchedule	8	static
/Users/elian/Documents/MCUXpresso/Workspace/wifi_webconfig/wifi/incl/wlcmgr/wlan.h:1030:19:is_valid_security	16	static
/Users/elian/Documents/MCUXpresso/Workspace/wifi_webconfig/wifi/incl/wlcmgr/wlan.h:5056:20:print_mac	40	static
/Users/elian/Documents/MCUXpresso/Workspace/wifi_webconfig/wifi/incl/port/net/wm_net.h:392:20:net_stack_buffer_free	16	static
/Users/elian/Documents/MCUXpresso/Workspace/wifi_webconfig/wifi/incl/port/net/wm_net.h:424:21:net_stack_buffer_get_payload	16	static
/Users/elian/Documents/MCUXpresso/Workspace/wifi_webconfig/wifi/incl/wlcmgr/wlan_11d.h:28:19:wlan_enable_11d	16	static
/Users/elian/Documents/MCUXpresso/Workspace/wifi_webconfig/wifi/incl/wlcmgr/wlan_11d.h:48:19:wlan_enable_uap_11d	16	static
../wifi/wlcmgr/wlan.c:772:5:verify_scan_duration_value	16	static
../wifi/wlcmgr/wlan.c:781:5:verify_scan_channel_value	16	static
../wifi/wlcmgr/wlan.c:790:5:verify_split_scan_delay	16	static
../wifi/wlcmgr/wlan.c:799:5:set_scan_params	16	static
../wifi/wlcmgr/wlan.c:833:5:wlan_set_get_rx_abort_cfg	16	static
../wifi/wlcmgr/wlan.c:840:5:wlan_set_rx_abort_cfg_ext	16	static
../wifi/wlcmgr/wlan.c:845:5:wlan_get_rx_abort_cfg_ext	16	static
../wifi/wlcmgr/wlan.c:852:5:wlan_set_get_cck_desense_cfg	16	static
../wifi/wlcmgr/wlan.c:858:5:get_scan_params	16	static
../wifi/wlcmgr/wlan.c:866:6:wlan_dhcp_cleanup	8	static
../wifi/wlcmgr/wlan.c:915:5:wlan_is_started	4	static
../wifi/wlcmgr/wlan.c:920:13:is_user_scanning	4	static
../wifi/wlcmgr/wlan.c:925:13:is_state	16	static
../wifi/wlcmgr/wlan.c:935:26:wlan_get_sta_state	8	static
../wifi/wlcmgr/wlan.c:944:13:is_uap_state	16	static
../wifi/wlcmgr/wlan.c:949:12:wlan_get_ipv4_addr	24	static
../wifi/wlcmgr/wlan.c:972:12:wlan_get_uap_ipv4_addr	24	static
../wifi/wlcmgr/wlan.c:1486:13:wlan_send_sleep_confirm	16	static
../wifi/wlcmgr/wlan.c:1498:12:is_bssid_any	16	static
../wifi/wlcmgr/wlan.c:1505:12:security_profile_matches	24	static
../wifi/wlcmgr/wlan.c:1639:12:network_matches_scan_result	72	static
../wifi/wlcmgr/wlan.c:1810:12:configure_security	48	static
../wifi/wlcmgr/wlan.c:1967:13:is_running	4	static
../wifi/wlcmgr/wlan.c:1972:13:is_sta_connecting	4	static
../wifi/wlcmgr/wlan.c:1978:13:is_scanning_allowed	8	static
../wifi/wlcmgr/wlan.c:1986:13:do_scan	72	static
../wifi/wlcmgr/wlan.c:2094:13:do_hidden_scan	72	static
../wifi/wlcmgr/wlan.c:2153:12:do_connect	16	static
../wifi/wlcmgr/wlan.c:2176:12:do_start	496	static
../wifi/wlcmgr/wlan.c:2374:12:do_stop	24	static
../wifi/wlcmgr/wlan.c:2410:13:do_connect_failed	24	static
../wifi/wlcmgr/wlan.c:2449:13:report_scan_results	16	static
../wifi/wlcmgr/wlan.c:2463:13:update_network_params	24	static
../wifi/wlcmgr/wlan.c:2643:12:start_association	40	static
../wifi/wlcmgr/wlan.c:2679:13:wlan_send_btm_response	32	static
../wifi/wlcmgr/wlan.c:2688:13:handle_scan_results	240	static
../wifi/wlcmgr/wlan.c:2912:13:wlan_disable_power_save	16	static
../wifi/wlcmgr/wlan.c:2936:13:wlan_enable_power_save	16	static
../wifi/wlcmgr/wlan.c:2960:13:wlcm_process_sleep_event	8	static
../wifi/wlcmgr/wlan.c:2965:13:wlcm_process_ieeeps_event	24	static
../wifi/wlcmgr/wlan.c:2999:13:wlcm_process_deepsleep_event	24	static
../wifi/wlcmgr/wlan.c:3089:13:wlcm_process_scan_result_event	16	static
../wifi/wlcmgr/wlan.c:3160:13:wlcm_process_sta_addr_config_event	32	static
../wifi/wlcmgr/wlan.c:3241:13:wlcm_process_channel_switch_ann	16	static
../wifi/wlcmgr/wlan.c:3266:6:wlcm_process_csi_status_report	24	static
../wifi/wlcmgr/wlan.c:3533:13:wlcm_process_channel_switch	24	static
../wifi/wlcmgr/wlan.c:3626:13:wlcm_process_send_addba	24	static
../wifi/wlcmgr/wlan.c:3639:13:wlcm_process_addba_request	16	static
../wifi/wlcmgr/wlan.c:3656:13:wlcm_process_delba_request	16	static
../wifi/wlcmgr/wlan.c:3673:13:wlcm_process_ba_stream_timeout_request	16	static
../wifi/wlcmgr/wlan.c:3693:13:wlcm_process_association_event	16	static
../wifi/wlcmgr/wlan.c:3813:13:wlcm_process_pmk_event	40	static
../wifi/wlcmgr/wlan.c:3836:13:wlcm_process_authentication_event	40	static
../wifi/wlcmgr/wlan.c:4050:13:wlcm_process_rssi_low_event	40	static
../wifi/wlcmgr/wlan.c:4146:13:wlan_sort_nlist_channels	24	static
../wifi/wlcmgr/wlan.c:4244:13:wlcm_process_neighbor_list_report_event	104	static
../wifi/wlcmgr/wlan.c:4453:12:wlan_check_valid_channel_operclass	64	static
../wifi/wlcmgr/wlan.c:4500:12:wlan_set_uap_ecsa_cfg	48	static
../wifi/wlcmgr/wlan.c:4562:13:wlan_switch_to_nondfs_channel	40	static
../wifi/wlcmgr/wlan.c:4591:13:wlcm_process_link_loss_event	32	static
../wifi/wlcmgr/wlan.c:4701:13:wlcm_process_disassoc_event	24	static
../wifi/wlcmgr/wlan.c:4738:13:wlcm_process_deauthentication_event	24	static
../wifi/wlcmgr/wlan.c:4766:13:wlcm_process_net_dhcp_config	48	static
../wifi/wlcmgr/wlan.c:4898:13:wlcm_process_net_ipv6_config	40	static
../wifi/wlcmgr/wlan.c:4946:5:wlan_rx_mgmt_indication	24	static
../wifi/wlcmgr/wlan.c:5597:13:wlcm_process_init_params	8	static
../wifi/wlcmgr/wlan.c:5619:13:wlcm_process_init	16	static
../wifi/wlcmgr/wlan.c:5735:13:wlcm_process_net_if_config_event	16	static
../wifi/wlcmgr/wlan.c:5834:26:uap_state_machine	32	static
../wifi/wlcmgr/wlan.c:6016:13:wlcm_request_scan	416	static
../wifi/wlcmgr/wlan.c:6137:13:wlcm_deinit	16	static
../wifi/wlcmgr/wlan.c:6151:13:wlcm_request_disconnect	24	static
../wifi/wlcmgr/wlan.c:6307:13:wlcm_request_connect	32	static
../wifi/wlcmgr/wlan.c:6381:13:wlcm_request_reconnect	24	static
../wifi/wlcmgr/wlan.c:6413:13:wifi_process_bg_scan_stopped	16	static
../wifi/wlcmgr/wlan.c:6432:13:wlcm_process_bg_scan_report	8	static
../wifi/wlcmgr/wlan.c:6442:13:wlcm_process_get_hw_spec_event	8	static
../wifi/wlcmgr/wlan.c:6478:13:wlcm_process_mgmt_frame	24	static
../wifi/wlcmgr/wlan.c:6539:13:wlcm_process_region_power_cfg	24	static
../wifi/wlcmgr/wlan.c:6554:13:wlcm_set_rssi_low_threshold	16	static
../wifi/wlcmgr/wlan.c:6655:26:handle_message	24	static
../wifi/wlcmgr/wlan.c:7115:13:is_uap_msg	16	static
../wifi/wlcmgr/wlan.c:7125:13:wlcmgr_task	32	static
../wifi/wlcmgr/wlan.c:7305:12:send_user_request	24	static
../wifi/wlcmgr/wlan.c:7321:13:copy_network	16	static
../wifi/wlcmgr/wlan.c:7351:12:wifi_wakeup_card_cb	24	static
../wifi/wlcmgr/wlan.c:7368:5:wlan_init	40	static
../wifi/wlcmgr/wlan.c:7487:6:wlan_deinit	16	static
../wifi/wlcmgr/wlan.c:7615:13:assoc_timer_cb	16	static
../wifi/wlcmgr/wlan.c:7648:13:neighbor_req_timer_cb	16	static
../wifi/wlcmgr/wlan.c:7668:13:temperature_mon_cb	16	static
../wifi/wlcmgr/wlan.c:7781:13:wlan_wait_wlmgr_ready	8	static
../wifi/wlcmgr/wlan.c:7790:5:wlan_start	32	static
../wifi/wlcmgr/wlan.c:8128:5:wlan_stop	16	static
../wifi/wlcmgr/wlan.c:8307:6:wlan_initialize_uap_network	16	static
../wifi/wlcmgr/wlan.c:8330:6:wlan_initialize_sta_network	16	static
../wifi/wlcmgr/wlan.c:8345:13:isHexNumber	24	static
../wifi/wlcmgr/wlan.c:8358:13:wlan_is_key_valid	24	static
../wifi/wlcmgr/wlan.c:8586:12:wlan_key_mgmt_wpa_psk	24	static
../wifi/wlcmgr/wlan.c:8616:12:wlan_key_mgmt_sae	24	static
../wifi/wlcmgr/wlan.c:8660:12:wlan_key_mgmt_wpa_psk_sae	24	static
../wifi/wlcmgr/wlan.c:8685:12:wlan_key_mgmt_owe	24	static
../wifi/wlcmgr/wlan.c:8716:5:wlan_add_network	32	static
../wifi/wlcmgr/wlan.c:9532:9:wlan_check_11n_capa	24	static
../wifi/wlcmgr/wlan.c:9550:9:wlan_check_11ac_capa	24	static
../wifi/wlcmgr/wlan.c:9570:9:wlan_check_11ax_capa	24	static
../wifi/wlcmgr/wlan.c:9591:5:wlan_remove_network	24	static
../wifi/wlcmgr/wlan.c:9745:5:wlan_get_network_count	16	static
../wifi/wlcmgr/wlan.c:9756:5:wlan_get_current_network	24	static
../wifi/wlcmgr/wlan.c:9780:5:wlan_get_current_network_ssid	16	static
../wifi/wlcmgr/wlan.c:9797:5:wlan_get_current_network_bssid	16	static
../wifi/wlcmgr/wlan.c:9814:5:wlan_get_current_uap_network	16	static
../wifi/wlcmgr/wlan.c:9830:5:wlan_get_current_uap_network_ssid	16	static
../wifi/wlcmgr/wlan.c:9848:5:wlan_set_rssi_threshold	16	static
../wifi/wlcmgr/wlan.c:9857:6:is_uap_started	8	static
../wifi/wlcmgr/wlan.c:9862:6:is_sta_associated	8	static
../wifi/wlcmgr/wlan.c:9867:6:is_sta_connected	4	static
../wifi/wlcmgr/wlan.c:9872:6:is_sta_ipv4_connected	4	static
../wifi/wlcmgr/wlan.c:9878:6:is_sta_ipv6_connected	4	static
../wifi/wlcmgr/wlan.c:9884:5:wlan_get_network	24	static
../wifi/wlcmgr/wlan.c:9907:5:wlan_get_current_nf	4	static
../wifi/wlcmgr/wlan.c:9912:5:wlan_get_current_signal_strength	40	static
../wifi/wlcmgr/wlan.c:9922:5:wlan_get_average_signal_strength	40	static
../wifi/wlcmgr/wlan.c:9932:5:wlan_get_current_rssi	16	static
../wifi/wlcmgr/wlan.c:9939:5:wlan_get_network_byname	24	static
../wifi/wlcmgr/wlan.c:9960:5:wlan_set_network_ip_byname	24	static
../wifi/wlcmgr/wlan.c:9981:5:wlan_remove_all_network_profiles	16	static
../wifi/wlcmgr/wlan.c:10001:5:wlan_disconnect	8	static
../wifi/wlcmgr/wlan.c:10024:5:wlan_connect	32	static
../wifi/wlcmgr/wlan.c:10097:5:wlan_connect_opt	24	static
../wifi/wlcmgr/wlan.c:10114:5:wlan_reassociate	16	static
../wifi/wlcmgr/wlan.c:10169:5:wlan_start_network	24	static
../wifi/wlcmgr/wlan.c:10230:5:wlan_stop_network	24	static
../wifi/wlcmgr/wlan.c:10273:5:wlan_remove_all_networks	16	static
../wifi/wlcmgr/wlan.c:10294:6:wlan_destroy_all_tasks	8	static
../wifi/wlcmgr/wlan.c:10314:5:wlan_imu_get_task_lock	8	static
../wifi/wlcmgr/wlan.c:10319:5:wlan_imu_put_task_lock	8	static
../wifi/wlcmgr/wlan.c:10325:6:wlan_reset	16	static
../wifi/wlcmgr/wlan.c:10488:13:wlcmgr_mon_task	32	static
../wifi/wlcmgr/wlan.c:10587:5:wlan_get_scan_result	24	static
../wifi/wlcmgr/wlan.c:10741:6:wlan_set_cal_data	16	static
../wifi/wlcmgr/wlan.c:10749:5:wlan_set_mac_addr	24	static
../wifi/wlcmgr/wlan.c:10788:5:wlan_set_uap_mac_addr	16	static
../wifi/wlcmgr/wlan.c:10828:5:wlan_set_sta_mac_addr	16	static
../wifi/wlcmgr/wlan.c:10865:5:wlan_scan	232	static
../wifi/wlcmgr/wlan.c:10880:12:wlan_pscan	240	static
../wifi/wlcmgr/wlan.c:10917:5:wlan_scan_with_opt	24	static
../wifi/wlcmgr/wlan.c:11009:5:wlan_get_connection_state	24	static
../wifi/wlcmgr/wlan.c:11063:5:wlan_get_ps_mode	16	static
../wifi/wlcmgr/wlan.c:11115:5:wlan_get_uap_connection_state	24	static
../wifi/wlcmgr/wlan.c:11148:5:wlan_get_address	24	static
../wifi/wlcmgr/wlan.c:11177:5:wlan_get_uap_address	24	static
../wifi/wlcmgr/wlan.c:11201:5:wlan_get_uap_channel	16	static
../wifi/wlcmgr/wlan.c:11220:5:wlan_get_mac_address	16	static
../wifi/wlcmgr/wlan.c:11229:5:wlan_get_mac_address_uap	16	static
../wifi/wlcmgr/wlan.c:11243:6:wlan_wake_up_card	16	static
../wifi/wlcmgr/wlan.c:11250:5:wlan_set_ieeeps_cfg	16	static
../wifi/wlcmgr/wlan.c:11257:6:wlan_configure_listen_interval	16	static
../wifi/wlcmgr/wlan.c:11262:6:wlan_configure_delay_to_ps	16	static
../wifi/wlcmgr/wlan.c:11267:6:wlan_configure_idle_time	16	static
../wifi/wlcmgr/wlan.c:11272:14:wlan_get_idle_time	8	static
../wifi/wlcmgr/wlan.c:11277:16:wlan_get_listen_interval	8	static
../wifi/wlcmgr/wlan.c:11282:14:wlan_get_delay_to_ps	8	static
../wifi/wlcmgr/wlan.c:11287:6:wlan_is_power_save_enabled	4	static
../wifi/wlcmgr/wlan.c:11301:6:wlan_configure_null_pkt_interval	16	static
../wifi/wlcmgr/wlan.c:11306:5:wlan_ieeeps_on	24	static
../wifi/wlcmgr/wlan.c:11340:5:wlan_ieeeps_off	8	static
../wifi/wlcmgr/wlan.c:11396:5:wlan_deepsleepps_on	16	static
../wifi/wlcmgr/wlan.c:11414:5:wlan_deepsleepps_off	8	static
../wifi/wlcmgr/wlan.c:11481:5:wlan_set_antcfg	24	static
../wifi/wlcmgr/wlan.c:11493:5:wlan_get_antcfg	32	static
../wifi/wlcmgr/wlan.c:11507:5:wlan_wlcmgr_send_msg	24	static
../wifi/wlcmgr/wlan.c:11531:5:load_wep_key	32	static
../wifi/wlcmgr/wlan.c:11572:5:get_split_scan_delay_ms	4	static
../wifi/wlcmgr/wlan.c:11577:7:wlan_get_firmware_version_ext	4	static
../wifi/wlcmgr/wlan.c:11582:14:wlan_get_uap_supported_max_clients	4	static
../wifi/wlcmgr/wlan.c:11587:5:wlan_get_uap_max_clients	16	static
../wifi/wlcmgr/wlan.c:11596:5:wlan_set_uap_max_clients	24	static
../wifi/wlcmgr/wlan.c:11639:5:wlan_get_mgmt_ie	24	static
../wifi/wlcmgr/wlan.c:11644:5:wlan_set_mgmt_ie	24	static
../wifi/wlcmgr/wlan.c:11661:5:wlan_clear_mgmt_ie	16	static
../wifi/wlcmgr/wlan.c:11666:5:wlan_set_txbfcap	16	static
../wifi/wlcmgr/wlan.c:11671:5:wlan_set_htcapinfo	16	static
../wifi/wlcmgr/wlan.c:11676:5:wlan_set_httxcfg	16	static
../wifi/wlcmgr/wlan.c:11681:5:wlan_set_txratecfg	56	static
../wifi/wlcmgr/wlan.c:11686:5:wlan_get_txratecfg	24	static
../wifi/wlcmgr/wlan.c:11707:5:wlan_set_sta_tx_power	16	static
../wifi/wlcmgr/wlan.c:11712:5:wlan_get_sta_tx_power	16	static
../wifi/wlcmgr/wlan.c:11718:5:wlan_set_region_power_cfg	16	static
../wifi/wlcmgr/wlan.c:11724:5:wlan_set_chanlist_and_txpwrlimit	24	static
../wifi/wlcmgr/wlan.c:11744:5:wlan_set_chanlist	16	static
../wifi/wlcmgr/wlan.c:11754:5:wlan_get_chanlist	16	static
../wifi/wlcmgr/wlan.c:11764:5:wlan_set_txpwrlimit	16	static
../wifi/wlcmgr/wlan.c:11774:5:wlan_get_txpwrlimit	16	static
../wifi/wlcmgr/wlan.c:11798:6:wlan_set_reassoc_control	16	static
../wifi/wlcmgr/wlan.c:11804:5:wlan_set_ed_mac_mode	16	static
../wifi/wlcmgr/wlan.c:11809:5:wlan_get_ed_mac_mode	16	static
../wifi/wlcmgr/wlan.c:11814:5:wlan_set_uap_ed_mac_mode	16	static
../wifi/wlcmgr/wlan.c:11819:5:wlan_get_uap_ed_mac_mode	16	static
../wifi/wlcmgr/wlan.c:11824:6:wlan_get_11d_enable_status	8	static
../wifi/wlcmgr/wlan.c:11829:5:wlan_remain_on_channel	32	static
../wifi/wlcmgr/wlan.c:11854:5:wlan_get_otp_user_data	16	static
../wifi/wlcmgr/wlan.c:11865:5:wlan_get_log	16	static
../wifi/wlcmgr/wlan.c:11873:5:wlan_uap_get_log	16	static
../wifi/wlcmgr/wlan.c:11882:5:wlan_get_cal_data	16	static
../wifi/wlcmgr/wlan.c:11920:5:wlan_get_tsf	16	static
../wifi/wlcmgr/wlan.c:11925:5:wlan_tcp_keep_alive	24	static
../wifi/wlcmgr/wlan.c:12076:10:wlan_get_beacon_period	16	static
../wifi/wlcmgr/wlan.c:12099:12:pscan_cb	136	static
../wifi/wlcmgr/wlan.c:12131:9:wlan_get_dtim_period	16	static
../wifi/wlcmgr/wlan.c:12161:5:wlan_get_data_rate	16	static
../wifi/wlcmgr/wlan.c:12166:12:wlan_set_pmfcfg	16	static
../wifi/wlcmgr/wlan.c:12176:5:wlan_get_pmfcfg	16	static
../wifi/wlcmgr/wlan.c:12181:5:wlan_uap_get_pmfcfg	16	static
../wifi/wlcmgr/wlan.c:12193:5:wlan_set_packet_filters	16	static
../wifi/wlcmgr/wlan.c:12198:5:wlan_set_auto_arp	2712	static
../wifi/wlcmgr/wlan.c:12249:20:is_broadcast_ether_addr	16	static
../wifi/wlcmgr/wlan.c:12264:15:is_wowlan_pattern_supported	32	static
../wifi/wlcmgr/wlan.c:12296:5:wlan_wowlan_cfg_ptn_match	2752	static
../wifi/wlcmgr/wlan.c:12427:5:wlan_set_ipv6_ns_offload	2704	static
../wifi/wlcmgr/wlan.c:12467:5:wlan_get_current_bssid	24	static
../wifi/wlcmgr/wlan.c:12491:9:wlan_get_current_channel	16	static
../wifi/wlcmgr/wlan.c:12510:6:wlan_sta_ampdu_tx_enable	8	static
../wifi/wlcmgr/wlan.c:12515:6:wlan_sta_ampdu_tx_disable	8	static
../wifi/wlcmgr/wlan.c:12520:6:wlan_sta_ampdu_rx_enable	8	static
../wifi/wlcmgr/wlan.c:12525:6:wlan_sta_ampdu_rx_disable	8	static
../wifi/wlcmgr/wlan.c:12530:6:wlan_uap_ampdu_tx_enable	8	static
../wifi/wlcmgr/wlan.c:12535:6:wlan_uap_ampdu_tx_disable	8	static
../wifi/wlcmgr/wlan.c:12540:6:wlan_uap_ampdu_rx_enable	8	static
../wifi/wlcmgr/wlan.c:12545:6:wlan_uap_ampdu_rx_disable	8	static
../wifi/wlcmgr/wlan.c:12551:6:wlan_uap_set_scan_chan_list	8	static
../wifi/wlcmgr/wlan.c:12559:6:wlan_uap_set_beacon_period	16	static
../wifi/wlcmgr/wlan.c:12574:5:wlan_uap_set_bandwidth	16	static
../wifi/wlcmgr/wlan.c:12595:5:wlan_uap_get_bandwidth	16	static
../wifi/wlcmgr/wlan.c:12616:5:wlan_uap_set_hidden_ssid	16	static
../wifi/wlcmgr/wlan.c:12646:6:wlan_uap_ctrl_deauth	16	static
../wifi/wlcmgr/wlan.c:12653:6:wlan_uap_set_ecsa	8	static
../wifi/wlcmgr/wlan.c:12660:6:wlan_uap_set_htcapinfo	16	static
../wifi/wlcmgr/wlan.c:12667:6:wlan_uap_set_httxcfg	16	static
../wifi/wlcmgr/wlan.c:12676:5:wlan_set_rts	16	static
../wifi/wlcmgr/wlan.c:12681:5:wlan_set_uap_rts	16	static
../wifi/wlcmgr/wlan.c:12688:5:wlan_set_frag	16	static
../wifi/wlcmgr/wlan.c:12693:5:wlan_set_uap_frag	16	static
../wifi/wlcmgr/wlan.c:12700:5:_wlan_rrm_scan_cb	48	static
../wifi/wlcmgr/wlan.c:12790:6:wlan_rrm_request_scan	416	static
../wifi/wlcmgr/wlan.c:12861:6:wlan_set_scan_channel_gap	16	static
../wifi/wlcmgr/wlan.c:12869:5:wlan_host_11k_cfg	16	static
../wifi/wlcmgr/wlan.c:12879:6:wlan_get_host_11k_status	4	static
../wifi/wlcmgr/wlan.c:12884:5:wlan_host_11k_neighbor_req	24	static
../wifi/wlcmgr/wlan.c:12912:5:wlan_host_11v_bss_trans_query	24	static
../wifi/wlcmgr/wlan.c:12942:5:wlan_host_mbo_cfg	16	static
../wifi/wlcmgr/wlan.c:12947:5:wlan_mbo_peferch_cfg	40	static
../wifi/wlcmgr/wlan.c:13084:6:wlan_version_extended	16	static
../wifi/wlcmgr/wlan.c:13109:6:wlan_set_txrx_histogram	24	static
../wifi/wlcmgr/wlan.c:13121:5:wlan_set_roaming	16	static
../wifi/wlcmgr/wlan.c:13138:5:wlan_get_roaming_status	4	static
../wifi/wlcmgr/wlan.c:13368:6:wlan_wmm_tx_stats_dump	16	static
../wifi/wlcmgr/wlan.c:13374:5:wlan_send_hostcmd	32	static
../wifi/wlcmgr/wlan.c:13390:5:wlan_enable_disable_htc	88	static
../wifi/wlcmgr/wlan.c:13454:5:wlan_set_11ax_tx_omi	24	static
../wifi/wlcmgr/wlan.c:13494:5:wlan_set_11ax_tol_time	16	static
../wifi/wlcmgr/wlan.c:13512:5:wlan_set_11ax_rutxpowerlimit	16	static
../wifi/wlcmgr/wlan.c:13523:5:wlan_set_11ax_rutxpowerlimit_legacy	16	static
../wifi/wlcmgr/wlan.c:13533:5:wlan_get_11ax_rutxpowerlimit_legacy	16	static
../wifi/wlcmgr/wlan.c:13558:5:wlan_set_11ax_cfg	16	static
../wifi/wlcmgr/wlan.c:13563:21:wlan_get_11ax_cfg	4	static
../wifi/wlcmgr/wlan.c:13577:5:wlan_set_btwt_cfg	16	static
../wifi/wlcmgr/wlan.c:13582:21:wlan_get_btwt_cfg	4	static
../wifi/wlcmgr/wlan.c:13606:5:wlan_set_twt_setup_cfg	16	static
../wifi/wlcmgr/wlan.c:13618:27:wlan_get_twt_setup_cfg	4	static
../wifi/wlcmgr/wlan.c:13626:5:wlan_set_twt_teardown_cfg	16	static
../wifi/wlcmgr/wlan.c:13631:30:wlan_get_twt_teardown_cfg	4	static
../wifi/wlcmgr/wlan.c:13636:5:wlan_get_twt_report	16	static
../wifi/wlcmgr/wlan.c:13645:5:wlan_get_tsf_info	16	static
../wifi/wlcmgr/wlan.c:13649:5:wlan_set_clocksync_cfg	16	static
../wifi/wlcmgr/wlan.c:13656:5:wlan_set_crypto_RC4_encrypt	160	static
../wifi/wlcmgr/wlan.c:13692:5:wlan_set_crypto_RC4_decrypt	160	static
../wifi/wlcmgr/wlan.c:13728:5:wlan_set_crypto_AES_ECB_encrypt	160	static
../wifi/wlcmgr/wlan.c:13764:5:wlan_set_crypto_AES_ECB_decrypt	160	static
../wifi/wlcmgr/wlan.c:13800:5:wlan_set_crypto_AES_WRAP_encrypt	160	static
../wifi/wlcmgr/wlan.c:13837:5:wlan_set_crypto_AES_WRAP_decrypt	160	static
../wifi/wlcmgr/wlan.c:13873:5:wlan_set_crypto_AES_CCMP_encrypt	160	static
../wifi/wlcmgr/wlan.c:13926:5:wlan_set_crypto_AES_CCMP_decrypt	160	static
../wifi/wlcmgr/wlan.c:13980:5:wlan_set_crypto_AES_GCMP_encrypt	160	static
../wifi/wlcmgr/wlan.c:14027:5:wlan_set_crypto_AES_GCMP_decrypt	160	static
../wifi/wlcmgr/wlan.c:14121:5:wlan_uap_set_ecsa_cfg	40	static
../wifi/wlcmgr/wlan.c:14134:5:wlan_set_mmsf	16	static
../wifi/wlcmgr/wlan.c:14139:5:wlan_get_mmsf	24	static
../wifi/wlcmgr/wlan.c:14163:5:wlan_set_subscribe_event	32	static
../wifi/wlcmgr/wlan.c:14208:5:wlan_get_subscribe_event	64	static
../wifi/wlcmgr/wlan.c:14218:5:wlan_clear_subscribe_event	24	static
../wifi/wlcmgr/wlan.c:14267:5:wlan_set_threshold_link_quality	40	static
../wifi/wlcmgr/wlan.c:14283:5:wlan_reg_access	24	static
../wifi/wlcmgr/wlan.c:14292:5:wlan_wmm_uapsd_qosinfo	24	static
../wifi/wlcmgr/wlan.c:14303:5:wlan_set_wmm_uapsd	32	static
../wifi/wlcmgr/wlan.c:14333:5:wlan_sleep_period	24	static
../wifi/wlcmgr/wlan.c:14344:6:wlan_is_wmm_uapsd_enabled	4	static
../wifi/wlcmgr/wlan.c:14351:5:wlan_tx_ampdu_prot_mode	16	static
../wifi/wlcmgr/wlan.c:14358:5:wlan_mef_set_auto_arp	40	static
../wifi/wlcmgr/wlan.c:14442:5:wlan_mef_set_auto_ping	40	static
../wifi/wlcmgr/wlan.c:14531:5:wlan_set_ipv6_ns_mef	24	static
../wifi/wlcmgr/wlan.c:14566:5:wlan_mef_set_multicast	24	static
../wifi/wlcmgr/wlan.c:14600:5:wlan_config_mef	24	static
../wifi/wlcmgr/wlan.c:14660:28:wlan_get_csi_cfg_param_default	4	static
../wifi/wlcmgr/wlan.c:14665:5:wlan_set_csi_cfg_param_default	16	static
../wifi/wlcmgr/wlan.c:14676:6:wlan_reset_csi_filter_data	8	static
../wifi/wlcmgr/wlan.c:14681:5:wlan_register_csi_user_callback	16	static
../wifi/wlcmgr/wlan.c:14686:5:wlan_unregister_csi_user_callback	8	static
../wifi/wlcmgr/wlan.c:14691:5:wlan_csi_cfg	24	static
../wifi/wlcmgr/wlan.c:14711:6:wlan_set_rssi_low_threshold	16	static
../wifi/wlcmgr/wlan.c:15294:6:wlan_register_monitor_user_callback	16	static
../wifi/wlcmgr/wlan.c:15299:6:wlan_deregister_net_monitor_user_callback	8	static
../wifi/wlcmgr/wlan.c:15304:5:wlan_net_monitor_cfg	24	static
../wifi/wlcmgr/wlan.c:15321:5:wlan_get_tsp_cfg	64	static
../wifi/wlcmgr/wlan.c:15336:5:wlan_set_tsp_cfg	72	static
../wifi/wlcmgr/wlan.c:15352:5:wlan_get_signal_info	16	static
../wifi/wlcmgr/wlan.c:15358:5:wlan_set_bandcfg	16	static
../wifi/wlcmgr/wlan.c:15363:5:wlan_get_bandcfg	16	static
../wifi/wlcmgr/wlan.c:15390:6:wlan_set_ps_cfg	32	static
../wifi/wlcmgr/wlan.c:15401:5:wlan_set_ips	16	static
../wifi/wlcmgr/wlan.c:15407:5:wlan_set_country_code	32	static
../wifi/wlcmgr/wlan.c:15478:5:wlan_set_country_ie_ignore	16	static
../wifi/wlcmgr/wlan.c:15483:5:wlan_set_region_code	24	static
../wifi/wlcmgr/wlan.c:15497:5:wlan_get_region_code	16	static
../wifi/wlcmgr/wlan.c:15502:5:wlan_set_11d_state	16	static
../wifi/wlcmgr/wlan.c:15524:5:wlan_single_ant_duty_cycle	16	static
../wifi/wlcmgr/wlan.c:15529:5:wlan_dual_ant_duty_cycle	24	static
../wifi/wlcmgr/wlan.c:15536:5:wlan_external_coex_pta_cfg	24	static
../wifi/wlcmgr/wlan.c:15757:5:wlan_sta_inactivityto	16	static
../wifi/wlcmgr/wlan.c:15968:5:wlan_auto_null_tx	16	static
../wifi/wlcmgr/wlan.c:15979:7:wlan_get_status_code	24	static
../wifi/wlcmgr/wlan.c:16012:9:wlan_get_temperature	8	static
../wifi/wlcmgr/wlan.c:16018:7:wlan_string_dup	24	static
../wifi/wlcmgr/wlan.c:16026:10:wlan_get_board_type	16	static
../wifi/wlcmgr/wlan.c:16038:5:wlan_uap_disconnect_sta	24	static
../wifi/wlcmgr/wlan.c:16059:5:wlan_11n_allowed	32	static
../wifi/wlcmgr/wlan.c:16086:5:wlan_11ac_allowed	32	static
../wifi/wlcmgr/wlan.c:16114:5:wlan_11ax_allowed	32	static
