../lwip/src/apps/httpsrv/httpsrv_utf8.h:30:20:utf8_check_1	16	static
../lwip/src/apps/httpsrv/httpsrv_utf8.h:40:20:utf8_check_2	16	static
../lwip/src/apps/httpsrv/httpsrv_utf8.h:50:20:utf8_check_3	16	static
../lwip/src/apps/httpsrv/httpsrv_utf8.h:66:20:utf8_check_4	16	static
../lwip/src/apps/httpsrv/httpsrv_ws.c:51:6:ws_session_run	24	static
../lwip/src/apps/httpsrv/httpsrv_ws.c:76:6:ws_handshake	136	static
../lwip/src/apps/httpsrv/httpsrv_ws.c:93:10:ws_init	72	static
../lwip/src/apps/httpsrv/httpsrv_ws.c:168:17:ws_process	32	static
../lwip/src/apps/httpsrv/httpsrv_ws.c:220:17:ws_recv	40	static
../lwip/src/apps/httpsrv/httpsrv_ws.c:306:17:ws_recv_fail	64	static
../lwip/src/apps/httpsrv/httpsrv_ws.c:345:17:ws_validate_data	40	static
../lwip/src/apps/httpsrv/httpsrv_ws.c:373:17:ws_process_api_calls	96	static
../lwip/src/apps/httpsrv/httpsrv_ws.c:480:20:ws_update_mask_offset	24	static
../lwip/src/apps/httpsrv/httpsrv_ws.c:499:16:ws_process_frame	32	static
../lwip/src/apps/httpsrv/httpsrv_ws.c:545:17:ws_check_utf8	48	static
../lwip/src/apps/httpsrv/httpsrv_ws.c:616:13:ws_check_utf8_finalize	24	static
../lwip/src/apps/httpsrv/httpsrv_ws.c:648:17:ws_check_close_reason	24	static
../lwip/src/apps/httpsrv/httpsrv_ws.c:670:17:ws_close_frame	32	static
../lwip/src/apps/httpsrv/httpsrv_ws.c:722:12:ws_ping_frame	24	static
../lwip/src/apps/httpsrv/httpsrv_ws.c:737:17:ws_pong_frame	24	static
../lwip/src/apps/httpsrv/httpsrv_ws.c:755:16:ws_data_frame	72	static
../lwip/src/apps/httpsrv/httpsrv_ws.c:827:13:ws_deinit	56	static
../lwip/src/apps/httpsrv/httpsrv_ws.c:866:13:ws_unmask_data	40	static
../lwip/src/apps/httpsrv/httpsrv_ws.c:898:17:ws_read_frame_header	32	static
../lwip/src/apps/httpsrv/httpsrv_ws.c:957:13:ws_write_frame	24	static
../lwip/src/apps/httpsrv/httpsrv_ws.c:996:22:ws_check_frame_header	24	static
../lwip/src/apps/httpsrv/httpsrv_ws.c:1049:13:ws_bad_frame	64	static
../lwip/src/apps/httpsrv/httpsrv_ws.c:1091:24:ws_get_frame_size	16	static
../lwip/src/apps/httpsrv/httpsrv_ws.c:1099:17:ws_get_header_size	24	static
../lwip/src/apps/httpsrv/httpsrv_ws.c:1126:12:ws_send_frame	72	static
../lwip/src/apps/httpsrv/httpsrv_ws.c:1207:12:ws_send_control_frame	56	static
