../flash/mflash/mflash_file.c:74:6:mflash_is_initialized	4	static
../flash/mflash/mflash_file.c:80:13:dir_path_store	24	static
../flash/mflash/mflash_file.c:108:13:dir_path_match	24	static
../flash/mflash/mflash_file.c:139:14:mflash_page_buf_get	16	static
../flash/mflash/mflash_file.c:151:13:mflash_page_buf_release	16	static
../flash/mflash/mflash_file.c:161:17:mflash_fs_sector_erase	24	static
../flash/mflash/mflash_file.c:176:17:mflash_fs_page_program	32	static
../flash/mflash/mflash_file.c:191:21:mflash_fs_get_ptr	16	static
../flash/mflash/mflash_file.c:201:17:mflash_readable_check	16	static
../flash/mflash/mflash_file.c:225:17:mflash_fs_check	24	static
../flash/mflash/mflash_file.c:268:17:mflash_file_check	24	static
../flash/mflash/mflash_file.c:313:17:mflash_dir_lookup	48	static
../flash/mflash/mflash_file.c:335:17:mflash_format_internal	88	static
../flash/mflash/mflash_file.c:446:17:mflash_format	32	static
../flash/mflash/mflash_file.c:475:17:mflash_template_match	88	static
../flash/mflash/mflash_file.c:502:17:mflash_fs_init	32	static
../flash/mflash/mflash_file.c:531:10:mflash_init	24	static
../flash/mflash/mflash_file.c:563:17:mflash_file_save_internal	56	static
../flash/mflash/mflash_file.c:632:10:mflash_file_save	112	static
../flash/mflash/mflash_file.c:673:17:mflash_file_mmap_internal	32	static
../flash/mflash/mflash_file.c:693:10:mflash_file_mmap	96	static
