../lwip/src/core/ipv6/ip6_frag.c:113:1:ip6_reass_tmr	16	static
../lwip/src/core/ipv6/ip6_frag.c:148:1:ip6_reass_free_complete_datagram	80	static
../lwip/src/core/ipv6/ip6_frag.c:236:1:ip6_reass_remove_oldest_datagram	24	static
../lwip/src/core/ipv6/ip6_frag.c:272:1:ip6_reass	80	static
../lwip/src/core/ipv6/ip6_frag.c:693:1:ip6_frag_alloc_pbuf_custom_ref	8	static
../lwip/src/core/ipv6/ip6_frag.c:700:1:ip6_frag_free_pbuf_custom_ref	16	static
../lwip/src/core/ipv6/ip6_frag.c:709:1:ip6_frag_free_pbuf_custom	24	static
../lwip/src/core/ipv6/ip6_frag.c:734:1:ip6_frag	80	static
