../lwip/src/core/ipv6/mld6.c:106:11:mld6_get_data	16	static
../lwip/src/core/ipv6/mld6.c:111:11:mld6_get_or_alloc_data	24	static
../lwip/src/core/ipv6/mld6.c:137:1:mld6_stop	32	static
../lwip/src/core/ipv6/mld6.c:193:1:mld6_report_groups	24	static
../lwip/src/core/ipv6/mld6.c:217:1:mld6_lookfor_group	24	static
../lwip/src/core/ipv6/mld6.c:244:1:mld6_new_group	24	static
../lwip/src/core/ipv6/mld6.c:283:1:mld6_input	48	static
../lwip/src/core/ipv6/mld6.c:409:1:mld6_joingroup	24	static
../lwip/src/core/ipv6/mld6.c:441:1:mld6_joingroup_netif	40	static
../lwip/src/core/ipv6/mld6.c:509:1:mld6_leavegroup	32	static
../lwip/src/core/ipv6/mld6.c:542:1:mld6_leavegroup_netif	56	static
../lwip/src/core/ipv6/mld6.c:618:1:mld6_set_change_report_tmr	16	static
../lwip/src/core/ipv6/mld6.c:651:1:mld6_set_max_response_delay	24	static
../lwip/src/core/ipv6/mld6.c:669:1:mld6_set_general_report_tmr	24	static
../lwip/src/core/ipv6/mld6.c:690:1:mld6_tmr	16	static
../lwip/src/core/ipv6/mld6.c:728:1:mld6_report_change	24	static
../lwip/src/core/ipv6/mld6.c:759:1:mld6_group_to_packet	24	static
../lwip/src/core/ipv6/mld6.c:790:1:mld6_send	88	static
