/Users/elian/Documents/MCUXpresso/Workspace/wifi_webconfig/wifi/incl/port/net/wm_net.h:514:20:net_is_ip_or_ipv6	16	static
../wifi/port/net/wifi_netif.c:174:13:register_interface	16	static
../wifi/port/net/wifi_netif.c:190:13:deliver_packet_above	24	static
../wifi/port/net/wifi_netif.c:313:21:gen_pbuf_from_data	24	static
../wifi/port/net/wifi_netif.c:341:13:process_data_packet	72	static
../wifi/port/net/wifi_netif.c:682:6:handle_data_packet	16	static
../wifi/port/net/wifi_netif.c:717:6:handle_amsdu_data_packet	24	static
../wifi/port/net/wifi_netif.c:732:6:handle_deliver_packet_above	32	static
../wifi/port/net/wifi_netif.c:740:6:wrapper_net_is_ip_or_ipv6	16	static
../wifi/port/net/wifi_netif.c:753:13:low_level_init	40	static
../wifi/port/net/wifi_netif.c:805:14:low_level_output	80	static
../wifi/port/net/wifi_netif.c:990:5:net_wifi_pkt_fwd	16	static
../wifi/port/net/wifi_netif.c:1023:14:igmp_mac_filter	56	static
../wifi/port/net/wifi_netif.c:1150:14:mld_mac_filter	56	static
../wifi/port/net/wifi_netif.c:1278:7:lwip_netif_init	24	static
../wifi/port/net/wifi_netif.c:1333:7:lwip_netif_uap_init	24	static
