/Users/elian/Documents/MCUXpresso/Workspace/wifi_webconfig/wifi/wifidriver/incl/mlan_main.h:2986:14:wlan_strlen	24	static
../wifi/wifidriver/mlan_api.c:78:5:wifi_send_shutdown_cmd	16	static
../wifi/wifidriver/mlan_api.c:93:5:wifi_deauthenticate	24	static
../wifi/wifidriver/mlan_api.c:159:5:wifi_get_eeprom_data	40	static
../wifi/wifidriver/mlan_api.c:177:5:wifi_reg_access	48	static
../wifi/wifidriver/mlan_api.c:221:5:wifi_mem_access	40	static
../wifi/wifidriver/mlan_api.c:303:5:wifi_get_tsf	48	static
../wifi/wifidriver/mlan_api.c:331:5:wifi_send_rssi_info_cmd	40	static
../wifi/wifidriver/mlan_api.c:350:5:wifi_send_rf_channel_cmd	40	static
../wifi/wifidriver/mlan_api.c:373:5:wifi_send_remain_on_channel_cmd	40	static
../wifi/wifidriver/mlan_api.c:396:5:wifi_get_set_rf_tx_power	40	static
../wifi/wifidriver/mlan_api.c:414:5:wifi_get_data_rate	40	static
../wifi/wifidriver/mlan_api.c:451:5:wifi_set_pmfcfg	24	static
../wifi/wifidriver/mlan_api.c:461:5:wifi_get_pmfcfg	24	static
../wifi/wifidriver/mlan_api.c:471:5:wifi_set_packet_filters	72	static
../wifi/wifidriver/mlan_api.c:650:5:wifi_set_auto_arp	88	static
../wifi/wifidriver/mlan_api.c:686:5:wifi_tcp_keep_alive	128	static
../wifi/wifidriver/mlan_api.c:1931:5:wifi_send_scan_cmd	56	static
../wifi/wifidriver/mlan_api.c:2202:12:wifi_send_key_material_cmd	56	static
../wifi/wifidriver/mlan_api.c:2232:5:wifi_set_key	424	static
../wifi/wifidriver/mlan_api.c:2319:5:wifi_set_rekey_info	24	static
../wifi/wifidriver/mlan_api.c:2362:5:wifi_set_igtk_key	408	static
../wifi/wifidriver/mlan_api.c:2380:5:wifi_remove_key	408	static
../wifi/wifidriver/mlan_api.c:2411:12:wifi_send_rf_antenna_cmd	56	static
../wifi/wifidriver/mlan_api.c:2453:5:wifi_get_antenna	48	static
../wifi/wifidriver/mlan_api.c:2489:5:wifi_set_antenna	32	static
../wifi/wifidriver/mlan_api.c:2501:12:wifi_send_get_log_cmd	48	static
../wifi/wifidriver/mlan_api.c:2519:5:wifi_get_log	24	static
../wifi/wifidriver/mlan_api.c:2538:12:wifi_send_cmd_802_11_supplicant_pmk	64	static
../wifi/wifidriver/mlan_api.c:2559:5:wifi_send_add_wpa_pmk	416	static
../wifi/wifidriver/mlan_api.c:2597:5:wifi_send_get_wpa_pmk	400	static
../wifi/wifidriver/mlan_api.c:2632:5:wifi_send_add_wpa_psk	416	static
../wifi/wifidriver/mlan_api.c:2669:5:wifi_send_add_wpa3_password	416	static
../wifi/wifidriver/mlan_api.c:2702:5:wifi_send_clear_wpa_psk	400	static
../wifi/wifidriver/mlan_api.c:2730:5:wifi_send_enable_supplicant	400	static
../wifi/wifidriver/mlan_api.c:2758:5:wifi_send_disable_supplicant	392	static
../wifi/wifidriver/mlan_api.c:2770:5:wifi_set_mac_multicast_addr	48	static
../wifi/wifidriver/mlan_api.c:2819:5:wifi_get_otp_user_data	296	static
../wifi/wifidriver/mlan_api.c:2845:5:wifi_get_cal_data	32	static
../wifi/wifidriver/mlan_api.c:2870:6:wifi_request_get_fw_info	16	static
../wifi/wifidriver/mlan_api.c:2890:6:wifi_get_fw_info	144	static
../wifi/wifidriver/mlan_api.c:2904:5:wifi_get_firmware_version_ext	40	static
../wifi/wifidriver/mlan_api.c:2917:5:wifi_get_firmware_version	72	static
../wifi/wifidriver/mlan_api.c:3002:5:wifi_get_region_code	16	static
../wifi/wifidriver/mlan_api.c:3008:5:wifi_set_region_code	2120	static
../wifi/wifidriver/mlan_api.c:3037:5:wifi_enable_11d_support	16	static
../wifi/wifidriver/mlan_api.c:3048:5:wifi_disable_11d_support	8	static
../wifi/wifidriver/mlan_api.c:3057:5:wifi_enable_uap_11d_support	16	static
../wifi/wifidriver/mlan_api.c:3071:5:wifi_disable_uap_11d_support	8	static
../wifi/wifidriver/mlan_api.c:3082:5:wifi_enable_11d_support_APIs	16	static
../wifi/wifidriver/mlan_api.c:3089:22:get_sub_band_from_region_code	24	static
../wifi/wifidriver/mlan_api.c:3120:22:get_sub_band_from_region_code_5ghz	24	static
../wifi/wifidriver/mlan_api.c:3174:6:wifi_11d_is_channel_allowed	32	static
../wifi/wifidriver/mlan_api.c:3230:5:wifi_enable_ecsa_support	8	static
../wifi/wifidriver/mlan_api.c:3235:6:wifi_is_ecsa_enabled	4	static
../wifi/wifidriver/mlan_api.c:3240:12:get_free_mgmt_ie_index	24	static
../wifi/wifidriver/mlan_api.c:3255:13:set_ie_index	16	static
../wifi/wifidriver/mlan_api.c:3260:13:clear_ie_index	16	static
../wifi/wifidriver/mlan_api.c:3309:13:ie_index_is_set	16	static
../wifi/wifidriver/mlan_api.c:3314:6:reset_ie_index	4	static
../wifi/wifidriver/mlan_api.c:3319:12:wifi_config_mgmt_ie	56	static
../wifi/wifidriver/mlan_api.c:3480:5:wifi_get_mgmt_ie	32	static
../wifi/wifidriver/mlan_api.c:3485:5:wifi_set_mgmt_ie	40	static
../wifi/wifidriver/mlan_api.c:3492:5:wifi_clear_mgmt_ie	32	static
../wifi/wifidriver/mlan_api.c:3498:12:wifi_config_mgmt_ie2	56	static
../wifi/wifidriver/mlan_api.c:3638:5:wifi_get_mgmt_ie2	32	static
../wifi/wifidriver/mlan_api.c:3643:5:wifi_set_mgmt_ie2	40	static
../wifi/wifidriver/mlan_api.c:3650:5:wifi_clear_mgmt_ie2	32	static
../wifi/wifidriver/mlan_api.c:3782:5:wifi_set_chanlist	32	static
../wifi/wifidriver/mlan_api.c:3835:5:wifi_get_chanlist	40	static
../wifi/wifidriver/mlan_api.c:3883:6:wifi_get_active_channel_list	24	static
../wifi/wifidriver/mlan_api.c:3892:5:wifi_set_txpwrlimit	40	static
../wifi/wifidriver/mlan_api.c:3933:5:wifi_get_txpwrlimit	32	static
../wifi/wifidriver/mlan_api.c:3956:5:wifi_set_rts	64	static
../wifi/wifidriver/mlan_api.c:4060:5:wifi_set_frag	64	static
../wifi/wifidriver/mlan_api.c:4162:6:wifi_set_curr_bss_channel	24	static
../wifi/wifidriver/mlan_api.c:4171:5:wifi_host_11k_cfg	32	static
../wifi/wifidriver/mlan_api.c:4216:5:wifi_host_11k_neighbor_req	24	static
../wifi/wifidriver/mlan_api.c:4230:5:wifi_host_11v_bss_trans_query	16	static
../wifi/wifidriver/mlan_api.c:4237:5:wifi_host_mbo_cfg	536	static
../wifi/wifidriver/mlan_api.c:4272:5:wifi_mbo_preferch_cfg	552	static
../wifi/wifidriver/mlan_api.c:4305:5:wifi_mbo_send_preferch_wnm	64	static
../wifi/wifidriver/mlan_api.c:4433:5:wifi_set_ed_mac_mode	32	static
../wifi/wifidriver/mlan_api.c:4478:5:wifi_get_ed_mac_mode	24	static
../wifi/wifidriver/mlan_api.c:4509:5:wifi_set_smart_mode_cfg	80	static
../wifi/wifidriver/mlan_api.c:4614:5:wifi_get_smart_mode_cfg	24	static
../wifi/wifidriver/mlan_api.c:4633:5:wifi_start_smart_mode	24	static
../wifi/wifidriver/mlan_api.c:4652:5:wifi_stop_smart_mode	24	static
../wifi/wifidriver/mlan_api.c:4674:6:wifi_get_band	24	static
../wifi/wifidriver/mlan_api.c:4689:5:wifi_get_bgscan_results	24	static
../wifi/wifidriver/mlan_api.c:4720:5:wifi_send_scan_query	16	static
../wifi/wifidriver/mlan_api.c:4740:5:wifi_send_hostcmd	32	static
../wifi/wifidriver/mlan_api.c:4784:5:wifi_set_eu_crypto	32	static
../wifi/wifidriver/mlan_api.c:4842:5:wifi_set_rx_mgmt_indication	32	static
../wifi/wifidriver/mlan_api.c:4867:5:wifi_get_set_bandcfg	80	static
../wifi/wifidriver/mlan_api.c:4936:16:wifi_PrepDefaultMgtMsg	40	static
../wifi/wifidriver/mlan_api.c:4972:6:set_ecsa_block_tx_time	16	static
../wifi/wifidriver/mlan_api.c:4977:6:get_ecsa_block_tx_time	4	static
../wifi/wifidriver/mlan_api.c:4982:6:set_ecsa_block_tx_flag	16	static
../wifi/wifidriver/mlan_api.c:4987:6:get_ecsa_block_tx_flag	4	static
../wifi/wifidriver/mlan_api.c:4992:6:wifi_put_ecsa_sem	8	static
../wifi/wifidriver/mlan_api.c:4997:5:wlan_get_nonglobal_operclass_by_bw_channel	64	static
../wifi/wifidriver/mlan_api.c:5047:5:wifi_set_ecsa_cfg	96	static
../wifi/wifidriver/mlan_api.c:5279:5:wifi_set_action_ecsa_cfg	72	static
../wifi/wifidriver/mlan_api.c:5623:5:wifi_set_wmm_qos_cfg	400	static
../wifi/wifidriver/mlan_api.c:5642:6:wifi_set_sleep_period	40	static
../wifi/wifidriver/mlan_api.c:5657:5:wifi_mmsf_cfg	48	static
../wifi/wifidriver/mlan_api.c:5716:5:wifi_tx_ampdu_prot_mode	40	static
../wifi/wifidriver/mlan_api.c:5732:5:wifi_csi_cfg	48	static
../wifi/wifidriver/mlan_api.c:5763:5:wifi_set_ips_config	24	static
../wifi/wifidriver/mlan_api.c:5785:5:wifi_net_monitor_cfg	48	static
../wifi/wifidriver/mlan_api.c:5810:5:wifi_tsp_cfg	72	static
../wifi/wifidriver/mlan_api.c:6182:5:wifi_single_ant_duty_cycle	24	static
../wifi/wifidriver/mlan_api.c:6215:5:wifi_dual_ant_duty_cycle	32	static
../wifi/wifidriver/mlan_api.c:6252:5:wifi_external_coex_pta_cfg	40	static
../wifi/wifidriver/mlan_api.c:6322:5:wifi_sta_inactivityto	24	static
../wifi/wifidriver/mlan_api.c:6354:5:wifi_auto_null_tx	32	static
