../wifi/wifidriver/mlan_sta_ioctl.c:48:20:wlan_snmp_mib_ioctl	48	static
../wifi/wifidriver/mlan_sta_ioctl.c:115:20:wlan_radio_ioctl_band_cfg	32	static
../wifi/wifidriver/mlan_sta_ioctl.c:200:20:wlan_radio_ioctl	24	static
../wifi/wifidriver/mlan_sta_ioctl.c:241:20:wlan_bss_ioctl_start	40	static
../wifi/wifidriver/mlan_sta_ioctl.c:329:20:wlan_bss_ioctl	24	static
../wifi/wifidriver/mlan_sta_ioctl.c:371:20:wlan_rate_ioctl	24	static
../wifi/wifidriver/mlan_sta_ioctl.c:411:20:wlan_power_ioctl_get_power	40	static
../wifi/wifidriver/mlan_sta_ioctl.c:440:20:wlan_power_ioctl_set_power	72	static
../wifi/wifidriver/mlan_sta_ioctl.c:548:12:wlan_get_modulation_class	16	static
../wifi/wifidriver/mlan_sta_ioctl.c:583:20:wlan_power_ioctl_set_power_ext	88	static
../wifi/wifidriver/mlan_sta_ioctl.c:704:20:wlan_power_ioctl	24	static
../wifi/wifidriver/mlan_sta_ioctl.c:761:20:wlan_wmm_ioctl_qos	32	static
../wifi/wifidriver/mlan_sta_ioctl.c:795:20:wlan_wmm_cfg_ioctl	24	static
../wifi/wifidriver/mlan_sta_ioctl.c:834:6:wlan_get_random_charactor	32	static
../wifi/wifidriver/mlan_sta_ioctl.c:873:20:wlan_sec_ioctl_set_wpa_key	40	static
../wifi/wifidriver/mlan_sta_ioctl.c:961:20:wlan_sec_ioctl_encrypt_key	24	static
../wifi/wifidriver/mlan_sta_ioctl.c:994:20:wlan_sec_ioctl_passphrase	40	static
../wifi/wifidriver/mlan_sta_ioctl.c:1053:20:wlan_sec_ioctl_password	40	static
../wifi/wifidriver/mlan_sta_ioctl.c:1113:20:wlan_sec_cfg_ioctl	24	static
../wifi/wifidriver/mlan_sta_ioctl.c:1159:13:wlan_11d_cfg_ioctl	32	static
../wifi/wifidriver/mlan_sta_ioctl.c:1262:26:wlan_misc_ioctl_region	32	static
../wifi/wifidriver/mlan_sta_ioctl.c:1373:13:wlan_misc_ioctl_subscribe_evt	40	static
../wifi/wifidriver/mlan_sta_ioctl.c:1412:20:wlan_misc_cfg_ioctl	24	static
../wifi/wifidriver/mlan_sta_ioctl.c:1497:13:wlan_ops_sta_ioctl	32	static
