/Users/elian/Documents/MCUXpresso/Workspace/wifi_webconfig/wifi/incl/wlcmgr/wlan.h:5056:20:print_mac	40	static
/Users/elian/Documents/MCUXpresso/Workspace/wifi_webconfig/wifi/wifidriver/incl/mlan_util.h:108:33:util_peek_list	32	static
/Users/elian/Documents/MCUXpresso/Workspace/wifi_webconfig/wifi/wifidriver/incl/mlan_wmm.h:73:22:wlan_request_ralist_lock	16	static
/Users/elian/Documents/MCUXpresso/Workspace/wifi_webconfig/wifi/wifidriver/incl/mlan_wmm.h:91:22:wlan_release_ralist_lock	16	static
../wifi/wifidriver/mlan_glue.c:165:14:wifi_11n_save_request	24	static
../wifi/wifidriver/mlan_glue.c:184:6:wrapper_deliver_amsdu_subframe	32	static
../wifi/wifidriver/mlan_glue.c:191:20:wrapper_moal_recv_packet	24	static
../wifi/wifidriver/mlan_glue.c:232:9:wrapper_moal_memcpy_ext	32	static
../wifi/wifidriver/mlan_glue.c:242:20:wrapper_moal_init_timer	40	static
../wifi/wifidriver/mlan_glue.c:280:20:wrapper_moal_start_timer	32	static
../wifi/wifidriver/mlan_glue.c:313:20:wrapper_moal_reset_timer	24	static
../wifi/wifidriver/mlan_glue.c:328:20:wrapper_moal_stop_timer	24	static
../wifi/wifidriver/mlan_glue.c:343:20:wrapper_moal_free_timer	24	static
../wifi/wifidriver/mlan_glue.c:357:20:wrapper_moal_init_lock	16	static
../wifi/wifidriver/mlan_glue.c:366:20:wrapper_moal_free_lock	16	static
../wifi/wifidriver/mlan_glue.c:375:20:wrapper_moal_spin_lock	16	static
../wifi/wifidriver/mlan_glue.c:384:20:wrapper_moal_spin_unlock	16	static
../wifi/wifidriver/mlan_glue.c:394:20:wrapper_moal_init_semaphore	24	static
../wifi/wifidriver/mlan_glue.c:406:20:wrapper_moal_free_semaphore	16	static
../wifi/wifidriver/mlan_glue.c:417:20:wrapper_moal_semaphore_get	16	static
../wifi/wifidriver/mlan_glue.c:428:20:wrapper_moal_semaphore_put	16	static
../wifi/wifidriver/mlan_glue.c:460:5:mlan_subsys_init	8	static
../wifi/wifidriver/mlan_glue.c:501:5:mlan_subsys_deinit	8	static
../wifi/wifidriver/mlan_glue.c:513:5:wrapper_wlan_cmd_11n_addba_rspgen	24	static
../wifi/wifidriver/mlan_glue.c:551:5:wrapper_wlan_cmd_11n_ba_stream_timeout	24	static
../wifi/wifidriver/mlan_glue.c:566:5:wrapper_wlan_cmd_11n_delba_rspgen	24	static
../wifi/wifidriver/mlan_glue.c:582:6:wrapper_wlan_update_uap_rxrate_info	24	static
../wifi/wifidriver/mlan_glue.c:594:5:wrapper_wlan_uap_ampdu_enable	32	static
../wifi/wifidriver/mlan_glue.c:670:20:do_wlan_ret_11n_addba_resp	32	static
../wifi/wifidriver/mlan_glue.c:698:20:do_wlan_ret_11n_addba_req	32	static
../wifi/wifidriver/mlan_glue.c:770:20:do_wlan_ret_11n_delba	32	static
../wifi/wifidriver/mlan_glue.c:792:5:wrapper_wlan_sta_ampdu_enable	40	static
../wifi/wifidriver/mlan_glue.c:891:5:wrapper_wlan_11d_enable	40	static
../wifi/wifidriver/mlan_glue.c:908:5:wrapper_wlan_uap_11d_enable	40	static
../wifi/wifidriver/mlan_glue.c:925:5:wifi_11h_enable	32	static
../wifi/wifidriver/mlan_glue.c:942:5:wrapper_wlan_ecsa_enable	32	static
../wifi/wifidriver/mlan_glue.c:966:5:wrapper_wlan_cmd_get_hw_spec	16	static
../wifi/wifidriver/mlan_glue.c:978:13:wrapper_wlan_cmd_mgmt_ie	1184	static
../wifi/wifidriver/mlan_glue.c:1012:5:wrapper_wlan_handle_rx_packet	32	static
../wifi/wifidriver/mlan_glue.c:1128:6:register_monitor_user_callback	16	static
../wifi/wifidriver/mlan_glue.c:1133:6:deregister_monitor_user_callback	4	static
../wifi/wifidriver/mlan_glue.c:1138:6:set_monitor_flag	16	static
../wifi/wifidriver/mlan_glue.c:1143:6:get_monitor_flag	4	static
../wifi/wifidriver/mlan_glue.c:1148:6:user_recv_monitor_data	32	static
../wifi/wifidriver/mlan_glue.c:1191:6:wrapper_wlan_cmd_11n_cfg	24	static
../wifi/wifidriver/mlan_glue.c:1207:6:set_event_chanswann	4	static
../wifi/wifidriver/mlan_glue.c:1212:6:clear_event_chanswann	4	static
../wifi/wifidriver/mlan_glue.c:1217:6:wrapper_wlan_11d_clear_parsedtable	16	static
../wifi/wifidriver/mlan_glue.c:1236:6:wrapper_clear_media_connected_event	16	static
../wifi/wifidriver/mlan_glue.c:1242:13:wifi_prepare_and_send_cmd	56	static
../wifi/wifidriver/mlan_glue.c:1294:6:wmsdk_is_11N_enabled	4	static
../wifi/wifidriver/mlan_glue.c:1303:18:wifi_send_bss_ioctl	56	static
../wifi/wifidriver/mlan_glue.c:1323:5:wrapper_get_wpa_ie_in_assoc	24	static
../wifi/wifidriver/mlan_glue.c:1333:12:wifi_send_11n_cfg_ioctl	56	static
../wifi/wifidriver/mlan_glue.c:1354:12:wifi_send_uap_11n_cfg_ioctl	56	static
../wifi/wifidriver/mlan_glue.c:1375:5:wifi_set_txbfcap	40	static
../wifi/wifidriver/mlan_glue.c:1387:5:wifi_set_htcapinfo	40	static
../wifi/wifidriver/mlan_glue.c:1404:5:wifi_set_httxcfg	40	static
../wifi/wifidriver/mlan_glue.c:1421:5:wifi_uap_set_httxcfg_int	40	static
../wifi/wifidriver/mlan_glue.c:1438:12:wifi_send_tx_power_cfg_ioctl	56	static
../wifi/wifidriver/mlan_glue.c:1459:5:wifi_set_tx_power	536	static
../wifi/wifidriver/mlan_glue.c:1472:5:wifi_set_tx_power_ext	536	static
../wifi/wifidriver/mlan_glue.c:1485:5:wifi_get_tx_power	576	static
../wifi/wifidriver/mlan_glue.c:1508:12:wifi_send_tx_rate_cfg_ioctl	56	static
../wifi/wifidriver/mlan_glue.c:1550:5:wifi_set_txratecfg	88	static
../wifi/wifidriver/mlan_glue.c:1598:5:wifi_get_txratecfg	104	static
../wifi/wifidriver/mlan_glue.c:1622:6:wrapper_wlan_11d_support_is_enabled	16	static
../wifi/wifidriver/mlan_glue.c:1632:5:wrapper_wifi_assoc	1168	static
../wifi/wifidriver/mlan_glue.c:2421:13:compute_rssi_values	16	static
../wifi/wifidriver/mlan_glue.c:2442:13:wifi_set_hostcmd_resp	24	static
../wifi/wifidriver/mlan_glue.c:2464:13:load_bss_list	40	static
../wifi/wifidriver/mlan_glue.c:2524:13:load_ver_ext	24	static
../wifi/wifidriver/mlan_glue.c:2540:5:wifi_process_cmd_response	392	static
../wifi/wifidriver/mlan_glue.c:4364:7:wlan_get_specific_ie	40	static
../wifi/wifidriver/mlan_glue.c:4432:13:wrapper_wlan_check_sta_capability	80	static
../wifi/wifidriver/mlan_glue.c:4567:13:wrapper_wlan_check_uap_capability	32	static
../wifi/wifidriver/mlan_glue.c:4668:20:wifi_wmm_queue_lock	16	static
../wifi/wifidriver/mlan_glue.c:4673:20:wifi_wmm_queue_unlock	16	static
../wifi/wifidriver/mlan_glue.c:4678:20:wifi_wmm_trigger_tx	16	static
../wifi/wifidriver/mlan_glue.c:4686:6:wifi_sta_handle_event_data_pause	48	static
../wifi/wifidriver/mlan_glue.c:4734:6:wifi_uap_handle_event_data_pause	32	static
../wifi/wifidriver/mlan_glue.c:4768:6:wifi_handle_event_data_pause	48	static
../wifi/wifidriver/mlan_glue.c:4841:13:wifi_handle_event_tx_status_report	16	static
../wifi/wifidriver/mlan_glue.c:4861:13:wifi_handle_blocked_sta_report	32	static
../wifi/wifidriver/mlan_glue.c:4907:5:wifi_request_bgscan	40	static
../wifi/wifidriver/mlan_glue.c:4921:5:wifi_set_rssi_low_threshold	80	static
../wifi/wifidriver/mlan_glue.c:4952:5:wifi_request_bgscan_query	40	static
../wifi/wifidriver/mlan_glue.c:4964:5:wifi_config_bgscan_and_rssi	32	static
../wifi/wifidriver/mlan_glue.c:5027:13:wifi_stop_bgscan	16	static
../wifi/wifidriver/mlan_glue.c:5043:5:wifi_handle_fw_event	88	static
../wifi/wifidriver/mlan_glue.c:5812:13:process_rsn_ie	80	static
../wifi/wifidriver/mlan_glue.c:6004:13:process_wpa_ie	72	static
../wifi/wifidriver/mlan_glue.c:6137:5:wrapper_bssdesc_first_set	40	static
../wifi/wifidriver/mlan_glue.c:6233:5:wrapper_bssdesc_second_set	32	static
../wifi/wifidriver/mlan_glue.c:6376:5:wifi_get_scan_result_count	16	static
../wifi/wifidriver/mlan_glue.c:6387:5:wrapper_wlan_set_regiontable	24	static
../wifi/wifidriver/mlan_glue.c:6402:6:wifi_scan_process_results	16	static
../wifi/wifidriver/mlan_glue.c:6426:6:check_for_wpa2_entp_ie	32	static
../wifi/wifidriver/mlan_glue.c:6473:6:wifi_get_value1_from_cmdresp	16	static
../wifi/wifidriver/mlan_glue.c:6484:6:wifi_get_mac_address_from_cmdresp	16	static
../wifi/wifidriver/mlan_glue.c:6489:6:wifi_get_firmware_ver_ext_from_cmdresp	40	static
../wifi/wifidriver/mlan_glue.c:6549:6:wifi_prepare_set_cal_data_cmd	16	static
../wifi/wifidriver/mlan_glue.c:6573:5:wifi_set_region_power_cfg	40	static
../wifi/wifidriver/mlan_glue.c:6590:6:wifi_prepare_get_hw_spec_cmd	16	static
../wifi/wifidriver/mlan_glue.c:6598:6:wifi_prepare_reconfigure_tx_buf_cmd	16	static
../wifi/wifidriver/mlan_glue.c:6612:6:wifi_prepare_get_mac_addr_cmd	16	static
../wifi/wifidriver/mlan_glue.c:6621:6:wifi_prepare_get_fw_ver_ext_cmd	24	static
../wifi/wifidriver/mlan_glue.c:6630:6:wifi_prepare_get_value1	16	static
../wifi/wifidriver/mlan_glue.c:6642:6:wifi_prepare_set_mac_addr_cmd	16	static
../wifi/wifidriver/mlan_glue.c:6664:6:wifi_prepare_enable_amsdu_cmd	16	static
../wifi/wifidriver/mlan_glue.c:6689:6:wlan_prepare_mac_control_cmd	16	static
../wifi/wifidriver/mlan_glue.c:6706:6:wifi_set_cal_data	16	static
../wifi/wifidriver/mlan_glue.c:6713:6:wifi_set_mac_addr	16	static
../wifi/wifidriver/mlan_glue.c:6719:6:_wifi_set_mac_addr	40	static
../wifi/wifidriver/mlan_glue.c:6763:6:wifi_check_no_packet_indication	16	static
../wifi/wifidriver/mlan_glue.c:6778:6:wifi_check_last_packet_indication	16	static
../wifi/wifidriver/mlan_glue.c:6786:5:wifi_wmm_qos_cfg	400	static
../wifi/wifidriver/mlan_glue.c:6812:5:wifi_sleep_period	120	static
../wifi/wifidriver/mlan_glue.c:6904:5:wifi_set_txrx_histogram	48	static
../wifi/wifidriver/mlan_glue.c:6933:5:wifi_set_get_rx_abort_cfg	40	static
../wifi/wifidriver/mlan_glue.c:6946:5:wifi_set_get_rx_abort_cfg_ext	40	static
../wifi/wifidriver/mlan_glue.c:6961:5:wifi_set_get_cck_desense_cfg	40	static
../wifi/wifidriver/mlan_glue.c:6982:5:wifi_config_roaming	24	static
../wifi/wifidriver/mlan_glue.c:7012:5:wifi_set_11ax_tx_omi	88	static
../wifi/wifidriver/mlan_glue.c:7058:5:wifi_set_11ax_tol_time	80	static
../wifi/wifidriver/mlan_glue.c:7084:5:wifi_set_11ax_rutxpowerlimit	40	static
../wifi/wifidriver/mlan_glue.c:7122:5:wifi_set_11ax_rutxpowerlimit_legacy	48	static
../wifi/wifidriver/mlan_glue.c:7163:5:wifi_get_11ax_rutxpowerlimit_legacy	32	static
../wifi/wifidriver/mlan_glue.c:7187:5:wifi_set_11ax_cfg	32	static
../wifi/wifidriver/mlan_glue.c:7196:5:wifi_set_btwt_cfg	24	static
../wifi/wifidriver/mlan_glue.c:7212:5:wifi_set_twt_setup_cfg	120	static
../wifi/wifidriver/mlan_glue.c:7260:5:wifi_set_twt_teardown_cfg	104	static
../wifi/wifidriver/mlan_glue.c:7279:5:wifi_get_twt_report	104	static
../wifi/wifidriver/mlan_glue.c:7301:5:wifi_set_clocksync_cfg	2120	static
../wifi/wifidriver/mlan_glue.c:7334:5:wifi_get_tsf_info	2120	static
../wifi/wifidriver/mlan_glue.c:7364:13:wifi_wmm_tx_stats_dump_ralist	48	static
../wifi/wifidriver/mlan_glue.c:7378:6:wifi_wmm_tx_stats_dump	40	static
../wifi/wifidriver/mlan_glue.c:7569:5:wifi_subscribe_event_submit	40	static
../wifi/wifidriver/mlan_glue.c:7603:5:wifi_get_subscribe_event	16	static
../wifi/wifidriver/mlan_glue.c:7621:5:wifi_clear_subscribe_event	56	static
../wifi/wifidriver/mlan_glue.c:7632:5:wifi_set_threshold_rssi_low	64	static
../wifi/wifidriver/mlan_glue.c:7643:5:wifi_set_threshold_rssi_high	64	static
../wifi/wifidriver/mlan_glue.c:7654:5:wifi_set_threshold_snr_low	64	static
../wifi/wifidriver/mlan_glue.c:7666:5:wifi_set_threshold_snr_high	64	static
../wifi/wifidriver/mlan_glue.c:7677:5:wifi_set_threshold_max_fail	64	static
../wifi/wifidriver/mlan_glue.c:7689:5:wifi_set_threshold_beacon_miss	64	static
../wifi/wifidriver/mlan_glue.c:7701:5:wifi_set_threshold_data_rssi_low	64	static
../wifi/wifidriver/mlan_glue.c:7713:5:wifi_set_threshold_data_rssi_high	64	static
../wifi/wifidriver/mlan_glue.c:7725:5:wifi_set_threshold_data_snr_low	64	static
../wifi/wifidriver/mlan_glue.c:7737:5:wifi_set_threshold_data_snr_high	64	static
../wifi/wifidriver/mlan_glue.c:7749:5:wifi_set_threshold_link_quality	64	static
../wifi/wifidriver/mlan_glue.c:7769:5:wifi_set_threshold_pre_beacon_lost	64	static
../wifi/wifidriver/mlan_glue.c:8001:10:wifi_get_board_type	16	static
../wifi/wifidriver/mlan_glue.c:8023:6:wifi_cau_temperature_enable	16	static
../wifi/wifidriver/mlan_glue.c:8034:9:wifi_get_temperature	24	static
../wifi/wifidriver/mlan_glue.c:8068:5:wifi_cau_temperature_write_to_firmware	16	static
../wifi/wifidriver/mlan_glue.c:8077:6:wifi_pmip_v33_enable	16	static
