/Users/elian/Documents/MCUXpresso/Workspace/wifi_webconfig/wifi/wifidriver/incl/mlan_main.h:2986:14:wlan_strlen	24	static
/Users/elian/Documents/MCUXpresso/Workspace/wifi_webconfig/wifi/wifidriver/incl/mlan_api.h:282:27:wifi_check_bss_entry_wpa2_entp_only	16	static
../wifi/wifidriver/mlan_scan.c:115:6:is_split_scan_complete	4	static
../wifi/wifidriver/mlan_scan.c:124:6:wlan_abort_split_scan	4	static
../wifi/wifidriver/mlan_scan.c:141:13:search_oui_in_ie	32	static
../wifi/wifidriver/mlan_scan.c:179:13:is_rsn_oui_present	40	static
../wifi/wifidriver/mlan_scan.c:209:13:is_wpa_oui_present	40	static
../wifi/wifidriver/mlan_scan.c:239:14:radio_type_to_band	24	static
../wifi/wifidriver/mlan_scan.c:266:13:wlan_update_chan_statistics	32	static
../wifi/wifidriver/mlan_scan.c:314:13:wlan_is_band_compatible	24	static
../wifi/wifidriver/mlan_scan.c:349:15:wlan_scan_create_channel_list	56	static
../wifi/wifidriver/mlan_scan.c:624:20:wlan_scan_channel_list	112	static
../wifi/wifidriver/mlan_scan.c:954:20:wlan_scan_setup_scan_config	104	static
../wifi/wifidriver/mlan_scan.c:1406:6:wlan_active_scan_req_for_passive_chan	88	static
../wifi/wifidriver/mlan_scan.c:1561:20:wlan_interpret_bss_desc_with_ie	168	static
../wifi/wifidriver/mlan_scan.c:2225:14:wlan_get_chan_load	24	static
../wifi/wifidriver/mlan_scan.c:2241:14:wlan_get_chan_noise	24	static
../wifi/wifidriver/mlan_scan.c:2264:13:wlan_get_chan_rssi	24	static
../wifi/wifidriver/mlan_scan.c:2292:15:wlan_update_chan_rssi	24	static
../wifi/wifidriver/mlan_scan.c:2340:19:wlan_scan_process_results	32	static
../wifi/wifidriver/mlan_scan.c:2400:7:wlan_is_network_compatible	32	static
../wifi/wifidriver/mlan_scan.c:2661:13:wlan_scan_networks	88	static
../wifi/wifidriver/mlan_scan.c:2851:13:adjust_pointers_to_internal_buffers	16	static
../wifi/wifidriver/mlan_scan.c:2943:13:wlan_ret_802_11_scan	184	static
../wifi/wifidriver/mlan_scan.c:3385:13:wlan_cmd_802_11_scan_ext	32	static
../wifi/wifidriver/mlan_scan.c:3417:13:wlan_ret_802_11_scan_ext	48	static
../wifi/wifidriver/mlan_scan.c:3518:20:wlan_update_ssid_in_beacon_buf	40	static
../wifi/wifidriver/mlan_scan.c:3668:13:wlan_gen_multi_bssid_by_bssid_index	40	static
../wifi/wifidriver/mlan_scan.c:3707:15:wlan_parse_non_trans_bssid_profile	112	static
../wifi/wifidriver/mlan_scan.c:3943:15:wlan_parse_multi_bssid_ie	48	static
../wifi/wifidriver/mlan_scan.c:3988:13:wlan_parse_multi_bssid_ap	40	static
../wifi/wifidriver/mlan_scan.c:4036:20:wlan_parse_ext_scan_result	152	static
../wifi/wifidriver/mlan_scan.c:4419:13:wlan_handle_event_ext_scan_report	32	static
../wifi/wifidriver/mlan_scan.c:4503:13:wlan_cmd_802_11_bg_scan_query	32	static
../wifi/wifidriver/mlan_scan.c:4531:13:wlan_bgscan_create_channel_list	56	static
../wifi/wifidriver/mlan_scan.c:4655:13:wlan_cmd_bgscan_config	144	static
../wifi/wifidriver/mlan_scan.c:4988:13:wlan_ret_bgscan_config	40	static
../wifi/wifidriver/mlan_scan.c:5027:7:wlan_find_ssid_in_list	48	static
../wifi/wifidriver/mlan_scan.c:5109:7:wlan_find_bssid_in_list	40	static
../wifi/wifidriver/mlan_scan.c:5173:7:wlan_ssid_cmp	24	static
../wifi/wifidriver/mlan_scan.c:5194:14:wlan_find_worst_network_in_list	32	static
