/Users/elian/Documents/MCUXpresso/Workspace/wifi_webconfig/wifi/wifidriver/incl/mlan_main.h:2961:14:wlan_copy_rates	32	static
/Users/elian/Documents/MCUXpresso/Workspace/wifi_webconfig/wifi/wifidriver/incl/mlan_main.h:3112:12:wlan_count_priv_cond	40	static
../wifi/wifidriver/mlan_cfp.c:678:33:wlan_get_region_cfp_table	32	static
../wifi/wifidriver/mlan_cfp.c:795:13:wlan_misc_country_2_cfp_table_code	32	static
../wifi/wifidriver/mlan_cfp.c:899:7:wlan_index_to_data_rate	264	static
../wifi/wifidriver/mlan_cfp.c:1081:7:wlan_get_active_data_rates	32	static
../wifi/wifidriver/mlan_cfp.c:1114:6:wlan_get_txpwr_of_chan_from_cfp	40	static
../wifi/wifidriver/mlan_cfp.c:1190:26:wlan_get_cfp_by_band_and_channel	40	static
../wifi/wifidriver/mlan_cfp.c:1297:26:wlan_find_cfp_by_band_and_channel	24	static
../wifi/wifidriver/mlan_cfp.c:1326:26:wlan_find_cfp_by_band_and_freq	40	static
../wifi/wifidriver/mlan_cfp.c:1427:6:wlan_is_rate_auto	24	static
../wifi/wifidriver/mlan_cfp.c:1462:5:wlan_get_rate_index	32	static
../wifi/wifidriver/mlan_cfp.c:1488:7:wlan_convert_config_bands	24	static
../wifi/wifidriver/mlan_cfp.c:1524:7:wlan_get_supported_rates	32	static
../wifi/wifidriver/mlan_cfp.c:1596:13:wlan_set_regiontable	32	static
../wifi/wifidriver/mlan_cfp.c:1668:8:wlan_get_cfp_radar_detect	24	static
../wifi/wifidriver/mlan_cfp.c:1719:8:wlan_bg_scan_type_is_passive	24	static
../wifi/wifidriver/mlan_cfp.c:1766:6:wlan_convert_v14_rate_ht_info	24	static
../wifi/wifidriver/mlan_cfp.c:1784:8:wlan_is_channel_valid	32	static
../wifi/wifidriver/mlan_cfp.c:1850:8:wlan_check_channel_by_region_table	40	static
../wifi/wifidriver/mlan_cfp.c:1911:8:wlan_is_radio_mode_valid	32	static
../wifi/wifidriver/mlan_cfp.c:1945:8:wlan_is_channel_and_freq_valid	32	static
../wifi/wifidriver/mlan_cfp.c:2032:13:wlan_set_custom_cfp_table	32	static
../wifi/wifidriver/mlan_cfp.c:2099:6:wlan_set_custom_regiontable	24	static
../wifi/wifidriver/mlan_cfp.c:2137:6:wlan_get_active_channel_list	48	static
../wifi/wifidriver/mlan_cfp.c:2561:8:wlan_is_etsi_country	24	static
../wifi/wifidriver/mlan_cfp.c:2582:22:wlan_get_nonglobal_operclass_table	40	static
../wifi/wifidriver/mlan_cfp.c:2635:13:wlan_get_global_nonglobal_oper_class	56	static
../wifi/wifidriver/mlan_cfp.c:2697:5:wlan_add_supported_oper_class_ie	136	static
../wifi/wifidriver/mlan_cfp.c:2859:13:wlan_check_operclass_validation	48	static
