/Users/elian/Documents/MCUXpresso/Workspace/wifi_webconfig/CMSIS/core_cm33.h:2358:22:__NVIC_EnableIRQ	16	static
/Users/elian/Documents/MCUXpresso/Workspace/wifi_webconfig/CMSIS/core_cm33.h:2396:22:__NVIC_DisableIRQ	16	static
/Users/elian/Documents/MCUXpresso/Workspace/wifi_webconfig/CMSIS/core_cm33.h:2449:22:__NVIC_ClearPendingIRQ	16	static
/Users/elian/Documents/MCUXpresso/Workspace/wifi_webconfig/CMSIS/core_cm33.h:2555:22:__NVIC_SetPriority	16	static
/Users/elian/Documents/MCUXpresso/Workspace/wifi_webconfig/drivers/fsl_common_arm.h:667:24:EnableIRQ	24	static
/Users/elian/Documents/MCUXpresso/Workspace/wifi_webconfig/drivers/fsl_common_arm.h:717:24:DisableIRQ	24	static
/Users/elian/Documents/MCUXpresso/Workspace/wifi_webconfig/drivers/fsl_power.h:379:22:PMU_EnableWlanWakeup	16	static
/Users/elian/Documents/MCUXpresso/Workspace/wifi_webconfig/drivers/fsl_power.h:388:22:PMU_DisableWlanWakeup	16	static
../wifi/wifidriver/wifi-imu.c:143:13:wifi_init_imulink	8	static
../wifi/wifidriver/wifi-imu.c:150:27:wifi_send_fw_cmd	32	static
../wifi/wifidriver/wifi-imu.c:181:27:wifi_send_fw_data	16	static
../wifi/wifidriver/wifi-imu.c:191:5:wifi_imu_lock	8	static
../wifi/wifidriver/wifi-imu.c:196:6:wifi_imu_unlock	8	static
../wifi/wifidriver/wifi-imu.c:201:10:wifi_get_device_value1	4	static
../wifi/wifidriver/wifi-imu.c:206:5:wifi_get_device_mac_addr	16	static
../wifi/wifidriver/wifi-imu.c:212:5:wifi_get_device_uap_mac_addr	16	static
../wifi/wifidriver/wifi-imu.c:218:5:wifi_get_device_firmware_version_ext	16	static
../wifi/wifidriver/wifi-imu.c:225:12:wlan_init_struct	16	static
../wifi/wifidriver/wifi-imu.c:238:12:wlan_deinit_struct	24	static
../wifi/wifidriver/wifi-imu.c:257:5:raw_process_pkt_hdrs	40	static
../wifi/wifidriver/wifi-imu.c:287:6:process_pkt_hdrs	40	static
../wifi/wifidriver/wifi-imu.c:342:6:process_pkt_hdrs_flags	24	static
../wifi/wifidriver/wifi-imu.c:348:5:bus_register_event_queue	16	static
../wifi/wifidriver/wifi-imu.c:360:6:bus_deregister_event_queue	4	static
../wifi/wifidriver/wifi-imu.c:368:5:bus_register_data_input_function	16	static
../wifi/wifidriver/wifi-imu.c:382:6:bus_deregister_data_input_funtion	4	static
../wifi/wifidriver/wifi-imu.c:392:20:wlan_handle_vdllv2_event_packet	24	static
../wifi/wifidriver/wifi-imu.c:416:13:wlan_handle_cmd_resp_packet	40	static
../wifi/wifidriver/wifi-imu.c:536:20:wlan_decode_rx_packet	48	static
../wifi/wifidriver/wifi-imu.c:634:21:wlan_get_next_seq_num	4	static
../wifi/wifidriver/wifi-imu.c:640:12:_wlan_set_cal_data	16	static
../wifi/wifidriver/wifi-imu.c:678:12:wlan_get_hw_spec	16	static
../wifi/wifidriver/wifi-imu.c:693:12:wlan_get_mac_addr_sta	16	static
../wifi/wifidriver/wifi-imu.c:711:12:wlan_get_mac_addr_uap	16	static
../wifi/wifidriver/wifi-imu.c:733:12:wlan_get_fw_ver_ext	24	static
../wifi/wifidriver/wifi-imu.c:752:12:wlan_get_value1	16	static
../wifi/wifidriver/wifi-imu.c:768:12:_wlan_set_mac_addr	16	static
../wifi/wifidriver/wifi-imu.c:785:12:wlan_set_11n_cfg	8	static
../wifi/wifidriver/wifi-imu.c:872:12:wlan_set_mac_ctrl	16	static
../wifi/wifidriver/wifi-imu.c:889:12:wlan_cmd_init	8	static
../wifi/wifidriver/wifi-imu.c:929:12:wlan_wait_for_last_resp_rcvd	32	static
../wifi/wifidriver/wifi-imu.c:952:12:wlan_fw_init_cfg	8	static
../wifi/wifidriver/wifi-imu.c:1128:5:wlan_send_imu_cmd	24	static
../wifi/wifidriver/wifi-imu.c:1145:5:wifi_send_cmdbuffer	8	static
../wifi/wifidriver/wifi-imu.c:1150:10:wifi_get_imu_outbuf	16	static
../wifi/wifidriver/wifi-imu.c:1162:13:wlan_xmit_pkt	40	static
../wifi/wifidriver/wifi-imu.c:1196:13:wlan_xmit_bypass_pkt	32	static
../wifi/wifidriver/wifi-imu.c:1235:13:wlan_xmit_wmm_pkt	32	static
../wifi/wifidriver/wifi-imu.c:1293:13:wlan_flush_wmm_pkt	24	static
../wifi/wifidriver/wifi-imu.c:1400:13:wlan_send_null_packet	56	static
../wifi/wifidriver/wifi-imu.c:1425:20:imumc_cmdrsp_handler	16	static
../wifi/wifidriver/wifi-imu.c:1447:20:imumc_event_handler	16	static
../wifi/wifidriver/wifi-imu.c:1476:20:imumc_rxpkt_handler	40	static
../wifi/wifidriver/wifi-imu.c:1537:13:imu_fw_is_hang	16	static
../wifi/wifidriver/wifi-imu.c:1551:20:imumc_ctrl_handler	24	static
../wifi/wifidriver/wifi-imu.c:1589:6:imu_wakeup_card	8	static
../wifi/wifidriver/wifi-imu.c:1595:6:W2MWKUP_DONE0_DriverIRQHandler	16	static
../wifi/wifidriver/wifi-imu.c:1606:6:mlan_init_wakeup_irq	8	static
../wifi/wifidriver/wifi-imu.c:1615:6:mlan_deinit_wakeup_irq	8	static
../wifi/wifidriver/wifi-imu.c:1623:13:imu_wifi_init	48	static
../wifi/wifidriver/wifi-imu.c:1738:6:imu_wifi_deinit	16	static
../wifi/wifidriver/wifi-imu.c:1764:6:imu_uninstall_callback	8	static
../wifi/wifidriver/wifi-imu.c:1772:21:wifi_get_command_buffer	4	static
../wifi/wifidriver/wifi-imu.c:1783:5:imu_create_task_lock	16	static
../wifi/wifidriver/wifi-imu.c:1797:6:imu_delete_task_lock	8	static
../wifi/wifidriver/wifi-imu.c:1802:5:imu_get_task_lock	16	static
../wifi/wifidriver/wifi-imu.c:1816:5:imu_put_task_lock	16	static
