../wifi/wifidriver/wifi_pwrmgr.c:39:6:wifi_set_ps_cfg	24	static
../wifi/wifidriver/wifi_pwrmgr.c:55:6:wifi_configure_null_pkt_interval	24	static
../wifi/wifidriver/wifi_pwrmgr.c:61:6:wifi_configure_listen_interval	32	static
../wifi/wifidriver/wifi_pwrmgr.c:72:6:wifi_configure_delay_to_ps	24	static
../wifi/wifidriver/wifi_pwrmgr.c:79:6:wifi_configure_idle_time	24	static
../wifi/wifidriver/wifi_pwrmgr.c:91:16:wifi_get_listen_interval	16	static
../wifi/wifidriver/wifi_pwrmgr.c:98:14:wifi_get_delay_to_ps	16	static
../wifi/wifidriver/wifi_pwrmgr.c:105:14:wifi_get_idle_time	16	static
../wifi/wifidriver/wifi_pwrmgr.c:261:12:wifi_send_power_save_command	40	static
../wifi/wifidriver/wifi_pwrmgr.c:284:5:wifi_enter_ieee_power_save	8	static
../wifi/wifidriver/wifi_pwrmgr.c:289:5:wifi_exit_ieee_power_save	8	static
../wifi/wifidriver/wifi_pwrmgr.c:308:5:wifi_enter_deepsleep_power_save	16	static
../wifi/wifidriver/wifi_pwrmgr.c:315:5:wifi_exit_deepsleep_power_save	16	static
../wifi/wifidriver/wifi_pwrmgr.c:321:5:wifi_set_power_save_mode	16	static
../wifi/wifidriver/wifi_pwrmgr.c:328:5:wifi_uap_ps_inactivity_sleep_enter	56	static
../wifi/wifidriver/wifi_pwrmgr.c:352:5:wifi_uap_ps_inactivity_sleep_exit	16	static
../wifi/wifidriver/wifi_pwrmgr.c:357:6:send_sleep_confirm_command	24	static
../wifi/wifidriver/wifi_pwrmgr.c:445:24:wifi_process_ps_enh_response	40	static
