../source/webconfig.c:87:12:CGI_HandleGet	80	static
../source/webconfig.c:136:12:CGI_HandlePost	512	static
../source/webconfig.c:263:12:CGI_HandleReset	104	static
../source/webconfig.c:307:12:CGI_HandleStatus	360	static
../source/webconfig.c:355:13:LinkStatusChangeCallback	16	static
../source/webconfig.c:374:13:main_task	192	static
../source/webconfig.c:486:17:SetBoardToAP	32	static
../source/webconfig.c:514:17:CleanUpAP	8	static
../source/webconfig.c:531:17:SetBoardToClient	32	static
../source/webconfig.c:609:17:CleanUpClient	8	static
../source/webconfig.c:633:5:main	16	static
