../component/osa/fsl_os_abstraction_free_rtos.c:102:18:main_task	16	static
../component/osa/fsl_os_abstraction_free_rtos.c:147:7:OSA_MemoryAllocate	24	static
../component/osa/fsl_os_abstraction_free_rtos.c:170:6:OSA_MemoryFree	16	static
../component/osa/fsl_os_abstraction_free_rtos.c:177:7:OSA_MemoryAllocateAlign	32	static
../component/osa/fsl_os_abstraction_free_rtos.c:218:6:OSA_MemoryFreeAlign	24	static
../component/osa/fsl_os_abstraction_free_rtos.c:238:6:OSA_EnterCritical	24	static
../component/osa/fsl_os_abstraction_free_rtos.c:254:6:OSA_ExitCritical	24	static
../component/osa/fsl_os_abstraction_free_rtos.c:276:6:startup_task	16	static
../component/osa/fsl_os_abstraction_free_rtos.c:288:19:OSA_TaskGetCurrentHandle	24	static
../component/osa/fsl_os_abstraction_free_rtos.c:315:6:OSA_TaskYield	8	static
../component/osa/fsl_os_abstraction_free_rtos.c:328:21:OSA_TaskGetPriority	24	static
../component/osa/fsl_os_abstraction_free_rtos.c:343:14:OSA_TaskSetPriority	24	static
../component/osa/fsl_os_abstraction_free_rtos.c:362:14:OSA_TaskCreate	56	static
../component/osa/fsl_os_abstraction_free_rtos.c:430:14:OSA_TaskDestroy	32	static
../component/osa/fsl_os_abstraction_free_rtos.c:460:6:OSA_TimeDelay	16	static
../component/osa/fsl_os_abstraction_free_rtos.c:470:10:OSA_TimeGetMsec	40	static
../component/osa/fsl_os_abstraction_free_rtos.c:494:14:OSA_SemaphorePrecreate	16	static
../component/osa/fsl_os_abstraction_free_rtos.c:508:14:OSA_SemaphoreCreate	24	static
../component/osa/fsl_os_abstraction_free_rtos.c:545:14:OSA_SemaphoreCreateBinary	24	static
../component/osa/fsl_os_abstraction_free_rtos.c:582:14:OSA_SemaphoreDestroy	24	static
../component/osa/fsl_os_abstraction_free_rtos.c:604:14:OSA_SemaphoreWait	24	static
../component/osa/fsl_os_abstraction_free_rtos.c:639:14:OSA_SemaphorePost	32	static
../component/osa/fsl_os_abstraction_free_rtos.c:680:14:OSA_MutexCreate	24	static
../component/osa/fsl_os_abstraction_free_rtos.c:720:14:OSA_MutexLock	24	static
../component/osa/fsl_os_abstraction_free_rtos.c:752:14:OSA_MutexUnlock	24	static
../component/osa/fsl_os_abstraction_free_rtos.c:774:14:OSA_MutexDestroy	24	static
../component/osa/fsl_os_abstraction_free_rtos.c:791:14:OSA_EventPrecreate	16	static
../component/osa/fsl_os_abstraction_free_rtos.c:805:14:OSA_EventCreate	24	static
../component/osa/fsl_os_abstraction_free_rtos.c:841:14:OSA_EventSet	32	static
../component/osa/fsl_os_abstraction_free_rtos.c:879:14:OSA_EventClear	24	static
../component/osa/fsl_os_abstraction_free_rtos.c:913:14:OSA_EventGet	40	static
../component/osa/fsl_os_abstraction_free_rtos.c:958:14:OSA_EventWait	48	static
../component/osa/fsl_os_abstraction_free_rtos.c:1016:14:OSA_EventDestroy	24	static
../component/osa/fsl_os_abstraction_free_rtos.c:1037:14:OSA_MsgQCreate	32	static
../component/osa/fsl_os_abstraction_free_rtos.c:1077:14:OSA_MsgQPut	32	static
../component/osa/fsl_os_abstraction_free_rtos.c:1117:14:OSA_MsgQGet	40	static
../component/osa/fsl_os_abstraction_free_rtos.c:1151:5:OSA_MsgQAvailableMsgs	24	static
../component/osa/fsl_os_abstraction_free_rtos.c:1166:14:OSA_MsgQDestroy	24	static
../component/osa/fsl_os_abstraction_free_rtos.c:1181:6:OSA_InterruptEnable	16	static
../component/osa/fsl_os_abstraction_free_rtos.c:1207:6:OSA_InterruptDisable	16	static
../component/osa/fsl_os_abstraction_free_rtos.c:1229:6:OSA_EnableIRQGlobal	4	static
../component/osa/fsl_os_abstraction_free_rtos.c:1249:6:OSA_DisableIRQGlobal	4	static
../component/osa/fsl_os_abstraction_free_rtos.c:1265:6:OSA_DisableScheduler	8	static
../component/osa/fsl_os_abstraction_free_rtos.c:1277:6:OSA_EnableScheduler	8	static
../component/osa/fsl_os_abstraction_free_rtos.c:1288:6:OSA_InstallIntHandler	16	static
../component/osa/fsl_os_abstraction_free_rtos.c:1333:6:OSA_Init	8	static
../component/osa/fsl_os_abstraction_free_rtos.c:1348:6:OSA_Start	8	static
../component/osa/fsl_os_abstraction_free_rtos.c:1358:14:OSA_TaskNotifyGet	16	static
../component/osa/fsl_os_abstraction_free_rtos.c:1368:14:OSA_TaskNotifyPost	16	static
../component/osa/fsl_os_abstraction_free_rtos.c:1377:23:OSA_SemaphoreGetCount	16	static
