../component/conn_fwloader/fsl_loader_utils.c:108:13:sb3_Delay	16	static
../component/conn_fwloader/fsl_loader_utils.c:122:13:sb3_DelayUs	24	static
../component/conn_fwloader/fsl_loader_utils.c:130:17:_ActiveApplicationRemapOffset	4	static
../component/conn_fwloader/fsl_loader_utils.c:137:6:power_on_device_impl	24	static
../component/conn_fwloader/fsl_loader_utils.c:161:6:power_off_device_impl	24	static
../component/conn_fwloader/fsl_loader_utils.c:183:6:reset_device	24	static
../component/conn_fwloader/fsl_loader_utils.c:200:30:get_sbloader_v3_context	16	static
../component/conn_fwloader/fsl_loader_utils.c:208:27:nboot_hal_get_secure_firmware_version	56	static
../component/conn_fwloader/fsl_loader_utils.c:266:10:sb3_fw_download_impl	40	static
../component/conn_fwloader/fsl_loader_utils.c:348:10:sb3_fw_reset_impl	32	static
../component/conn_fwloader/fsl_loader_utils.c:362:17:ldr_DoLoadCmd	24	static
../component/conn_fwloader/fsl_loader_utils.c:407:17:ldr_DoExecuteCmd	24	static
../component/conn_fwloader/fsl_loader_utils.c:421:17:ldr_DoBlock	32	static
../component/conn_fwloader/fsl_loader_utils.c:659:17:ldr_DoDataRead	32	static
../component/conn_fwloader/fsl_loader_utils.c:713:17:ldr_DoHeader_v3	184	static
../component/conn_fwloader/fsl_loader_utils.c:797:10:fsl_sbloader_init	24	static
../component/conn_fwloader/fsl_loader_utils.c:830:10:fsl_sbloader_finalize	24	static
../component/conn_fwloader/fsl_loader_utils.c:846:17:fsl_sbloader_pump	48	static
../component/conn_fwloader/fsl_loader_utils.c:930:17:ldr_ReadFromFlash	40	static
../component/conn_fwloader/fsl_loader_utils.c:955:10:read_nboot_sb3_header	16	static
../component/conn_fwloader/fsl_loader_utils.c:964:10:loader_process_sb_file	32	static
../component/conn_fwloader/fsl_loader_utils.c:1106:17:loader_process_raw_file	40	static
../component/conn_fwloader/fsl_loader_utils.c:1159:17:loader_process_raw_file_monolithic	304	static
../component/conn_fwloader/fsl_loader_utils.c:1248:13:__FlexSpiFlashInit	16	static
../component/conn_fwloader/fsl_loader_utils.c:1263:13:__FlexSpiFlashDeInit	8	static
../component/conn_fwloader/fsl_loader_utils.c:1274:12:__OtpInit	16	static
../component/conn_fwloader/fsl_loader_utils.c:1306:12:__OtpDeInit	16	static
../component/conn_fwloader/fsl_loader_utils.c:1339:10:load_service	48	static
../component/conn_fwloader/fsl_loader_utils.c:1515:17:load_service_monolithic	112	static
../component/conn_fwloader/fsl_loader_utils.c:1605:9:get_chip_revision	4	static
