/Users/elian/Documents/MCUXpresso/Workspace/wifi_webconfig/drivers/fsl_cache.h:233:20:DCACHE_InvalidateByRange	16	static
../flash/mflash/frdmrw612/mflash_drv.c:115:17:flexspi_nor_wait_bus_busy	48	static
../flash/mflash/frdmrw612/mflash_drv.c:168:17:flexspi_nor_write_enable	40	static
../flash/mflash/frdmrw612/mflash_drv.c:185:17:flexspi_nor_enable_quad_mode	40	static
../flash/mflash/frdmrw612/mflash_drv.c:223:17:flexspi_nor_flash_sector_erase	40	static
../flash/mflash/frdmrw612/mflash_drv.c:262:17:flexspi_nor_flash_page_program	48	static
../flash/mflash/frdmrw612/mflash_drv.c:313:17:flexspi_nor_read_data	48	static
../flash/mflash/frdmrw612/mflash_drv.c:338:16:mflash_drv_init_internal	336	static
../flash/mflash/frdmrw612/mflash_drv.c:388:9:mflash_drv_init	8	static
../flash/mflash/frdmrw612/mflash_drv.c:395:16:mflash_drv_sector_erase_internal	32	static
../flash/mflash/frdmrw612/mflash_drv.c:421:9:mflash_drv_sector_erase	16	static
../flash/mflash/frdmrw612/mflash_drv.c:432:16:mflash_drv_page_program_internal	32	static
../flash/mflash/frdmrw612/mflash_drv.c:459:16:mflash_drv_read_internal	40	static
../flash/mflash/frdmrw612/mflash_drv.c:487:9:mflash_drv_page_program	16	static
../flash/mflash/frdmrw612/mflash_drv.c:498:9:mflash_drv_read	24	static
../flash/mflash/frdmrw612/mflash_drv.c:511:8:mflash_drv_phys2log	32	static
../flash/mflash/frdmrw612/mflash_drv.c:557:10:mflash_drv_log2phys	40	static
